BFGS:    4 15:52:07     -105.494578        0.074368
BFGS:    5 17:39:33     -105.498163        0.035028
BFGS:    6 19:27:38     -105.495138        0.004569
      Step     Time          Energy          fmax
BFGS:    0 20:22:59     -105.495138        0.004567
      Step     Time          Energy          fmax
BFGS:    0 09:10:07     -105.446846        0.522162
BFGS:    1 09:33:33     -105.474000        0.379776
BFGS:    2 09:54:11     -105.495477        0.116033
BFGS:    3 10:15:21     -105.496826        0.092033
BFGS:    4 10:37:26     -105.497807        0.065320
BFGS:    5 10:56:51     -105.495059        0.030516
BFGS:    6 11:16:24     -105.495147        0.011111
BFGS:    7 11:36:14     -105.495139        0.012758
BFGS:    8 11:55:15     -105.495121        0.005731
      Step     Time          Energy          fmax
BFGS:    0 11:58:50     -105.495121        0.005728
      Step     Time          Energy          fmax
BFGS:    0 12:22:29     -105.446846        0.522143
BFGS:    1 12:41:58     -105.470799        0.379976
BFGS:    2 13:02:09     -105.492334        0.112357
BFGS:    3 13:31:11     -105.493648        0.078283
BFGS:    4 13:53:40     -105.494582        0.075390
BFGS:    5 14:24:46     -105.495002        0.048259
      Step     Time          Energy          fmax
BFGS:    0 15:53:42     -105.446845        0.517580
BFGS:    1 15:59:44     -105.470927        0.376120
BFGS:    2 16:05:49     -105.491905        0.126238
BFGS:    3 16:14:46     -105.493651        0.078906
BFGS:    4 16:22:23     -105.494449        0.068934
BFGS:    5 16:31:43     -105.495044        0.027838
BFGS:    6 16:38:03     -105.495137        0.012831
BFGS:    7 16:44:04     -105.495127        0.017063
BFGS:    8 16:50:50     -105.495142        0.009638
      Step     Time          Energy          fmax
BFGS:    0 17:05:17     -105.495142        0.009634
      Step     Time          Energy          fmax
BFGS:    0 15:54:05     -105.399915        0.583150
BFGS:    1 16:14:13     -105.420754        0.461622
BFGS:    2 16:31:46     -105.440482        0.163201
BFGS:    3 16:49:56     -105.442560        0.126432
BFGS:    4 17:06:02     -105.438250        0.100731
BFGS:    5 17:25:36     -105.438739        0.095552
BFGS:    6 17:45:41     -105.407755        0.082459
BFGS:    7 18:04:12     -105.387753        0.069401
BFGS:    8 18:23:01     -105.342382        0.062360
BFGS:    9 18:39:23     -105.258156        0.058027
BFGS:   10 18:56:40     -105.309071        0.061914
BFGS:   11 19:14:47     -105.309146        0.052119
