Time[ps]      Etot[eV]     Epot[eV]     Ekin[eV]    T[K]
0.0000        -4701.708    -4777.051       75.344  1005.0
0.0500        -4698.869    -4735.149       36.280   483.9
0.1000        -4694.208    -4736.120       41.912   559.0
0.1500        -4687.987    -4730.595       42.608   568.3
0.2000        -4681.101    -4729.296       48.195   642.8
0.2500        -4673.534    -4727.576       54.042   720.8
0.3000        -4665.535    -4722.118       56.583   754.7
0.3500        -4657.275    -4717.997       60.722   809.9
0.4000        -4648.933    -4713.510       64.577   861.4
0.4500        -4640.938    -4710.104       69.166   922.6
0.5000        -4633.542    -4706.269       72.727   970.1
0.5500        -4626.839    -4701.381       74.541   994.3
0.6000        -4621.181    -4696.137       74.955   999.8
0.6500        -4616.450    -4691.451       75.001  1000.4
0.7000        -4613.109    -4693.937       80.829  1078.1
0.7500        -4612.403    -4689.651       77.248  1030.4
0.8000        -4614.270    -4693.367       79.097  1055.0
0.8500        -4618.290    -4691.636       73.346   978.3
0.9000        -4622.343    -4698.541       76.198  1016.4
0.9500        -4626.005    -4698.870       72.865   971.9
1.0000        -4628.542    -4700.093       71.550   954.4
1.0500        -4629.236    -4702.409       73.174   976.0
1.1000        -4628.791    -4699.171       70.379   938.8
1.1500        -4626.820    -4699.045       72.225   963.4
1.2000        -4623.758    -4696.276       72.517   967.3
1.2500        -4620.731    -4695.578       74.848   998.4
1.3000        -4618.576    -4694.938       76.362  1018.6
1.3500        -4617.156    -4694.450       77.294  1031.0
1.4000        -4617.000    -4692.576       75.576  1008.1
1.4500        -4617.926    -4693.391       75.465  1006.6
1.5000        -4619.134    -4697.125       77.991  1040.3
1.5500        -4620.471    -4696.540       76.069  1014.6
1.6000        -4622.306    -4695.071       72.765   970.6
1.6500        -4623.594    -4695.012       71.418   952.6
1.7000        -4624.008    -4697.308       73.300   977.7
1.7500        -4624.158    -4696.179       72.021   960.7
1.8000        -4623.543    -4697.678       74.135   988.9
1.8500        -4622.112    -4699.830       77.718  1036.6
1.9000        -4620.934    -4695.961       75.026  1000.7
1.9500        -4619.835    -4694.475       74.640   995.6
2.0000        -4619.076    -4695.246       76.170  1016.0
2.0500        -4618.310    -4692.203       73.892   985.6
2.1000        -4618.112    -4695.281       77.169  1029.3
2.1500        -4618.830    -4692.736       73.907   985.8
2.2000        -4619.922    -4693.015       73.093   975.0
2.2500        -4621.330    -4696.441       75.111  1001.9
2.3000        -4622.526    -4699.187       76.661  1022.5
2.3500        -4623.157    -4694.872       71.715   956.6
2.4000        -4623.388    -4696.529       73.141   975.6
2.4500        -4623.006    -4695.448       72.442   966.3
2.5000        -4621.767    -4697.379       75.612  1008.6
2.5500        -4620.713    -4696.365       75.652  1009.1
2.6000        -4619.433    -4694.140       74.707   996.5
2.6500        -4618.213    -4692.889       74.677   996.1
2.7000        -4617.260    -4693.444       76.184  1016.2
2.7500        -4617.343    -4692.304       74.960   999.9
2.8000        -4618.515    -4692.550       74.035   987.5
2.8500        -4620.542    -4697.008       76.466  1019.9
2.9000        -4623.548    -4692.663       69.115   921.9
2.9500        -4624.999    -4697.392       72.394   965.6
3.0000        -4625.148    -4696.706       71.558   954.5
3.0500        -4623.788    -4695.555       71.767   957.3
3.1000        -4619.938    -4695.019       75.081  1001.5
3.1500        -4617.009    -4696.593       79.584  1061.5
3.2000        -4616.334    -4690.165       73.831   984.8
3.2500        -4616.288    -4694.864       78.576  1048.1
3.3000        -4617.381    -4694.064       76.683  1022.8
3.3500        -4618.854    -4692.497       73.643   982.3
3.4000        -4620.395    -4692.845       72.449   966.4
3.4500        -4621.694    -4692.342       70.648   942.3
3.5000        -4622.115    -4697.600       75.485  1006.9
3.5500        -4621.676    -4694.141       72.465   966.6
3.6000        -4619.094    -4694.069       74.975  1000.1
3.6500        -4615.174    -4692.805       77.631  1035.5
3.7000        -4613.090    -4692.203       79.112  1055.2
3.7500        -4613.117    -4689.880       76.763  1023.9
3.8000        -4613.902    -4687.840       73.937   986.2
3.8500        -4615.755    -4690.550       74.795   997.7
3.9000        -4618.065    -4693.980       75.915  1012.6
3.9500        -4620.006    -4695.903       75.896  1012.3
4.0000        -4621.386    -4694.104       72.718   970.0
4.0500        -4621.609    -4694.094       72.485   966.8
4.1000        -4620.832    -4695.441       74.609   995.2
4.1500        -4619.816    -4692.200       72.385   965.5
4.2000        -4618.846    -4690.331       71.485   953.5
4.2500        -4617.754    -4690.221       72.467   966.6
4.3000        -4616.495    -4692.421       75.926  1012.7
4.3500        -4616.070    -4691.430       75.360  1005.2
4.4000        -4616.537    -4690.880       74.343   991.6
4.4500        -4617.286    -4693.958       76.673  1022.7
4.5000        -4619.611    -4696.516       76.905  1025.8
4.5500        -4623.348    -4695.631       72.283   964.2
4.6000        -4625.102    -4692.426       67.323   898.0
4.6500        -4624.537    -4693.967       69.430   926.1
4.7000        -4622.209    -4696.312       74.102   988.4
4.7500        -4619.500    -4695.347       75.847  1011.7
4.8000        -4617.808    -4691.498       73.690   982.9
4.8500        -4616.887    -4689.981       73.093   975.0
4.9000        -4616.516    -4693.529       77.013  1027.2
4.9500        -4616.661    -4696.501       79.840  1064.9
5.0000        -4617.465    -4692.724       75.259  1003.8
5.0500        -4618.582    -4691.227       72.645   969.0
5.1000        -4620.426    -4692.943       72.517   967.3
5.1500        -4623.365    -4696.667       73.302   977.7
5.2000        -4625.591    -4698.997       73.406   979.1
5.2500        -4625.750    -4697.914       72.164   962.6
5.3000        -4623.718    -4696.213       72.495   967.0
5.3500        -4620.234    -4692.567       72.333   964.8
5.4000        -4617.879    -4693.984       76.106  1015.1
5.4500        -4616.860    -4691.816       74.956   999.8
5.5000        -4616.267    -4690.677       74.410   992.5
5.5500        -4615.290    -4691.898       76.608  1021.8
5.6000        -4614.661    -4690.792       76.131  1015.5
5.6500        -4614.140    -4689.820       75.680  1009.5
5.7000        -4613.876    -4690.534       76.658  1022.5
5.7500        -4613.832    -4691.530       77.698  1036.4
5.8000        -4614.428    -4688.257       73.830   984.8
5.8500        -4616.668    -4692.278       75.610  1008.5
5.9000        -4619.633    -4695.508       75.875  1012.1
5.9500        -4621.358    -4692.277       70.918   945.9
6.0000        -4620.837    -4695.105       74.267   990.6
6.0500        -4619.482    -4691.365       71.883   958.8
6.1000        -4616.757    -4691.394       74.637   995.5
6.1500        -4614.242    -4691.988       77.746  1037.0
6.2000        -4613.518    -4687.611       74.093   988.3
6.2500        -4613.307    -4692.878       79.571  1061.4
6.3000        -4613.867    -4688.364       74.497   993.7
6.3500        -4614.344    -4688.984       74.640   995.6
6.4000        -4614.996    -4689.609       74.613   995.2
6.4500        -4616.007    -4692.837       76.830  1024.8
6.5000        -4618.544    -4690.328       71.784   957.5
6.5500        -4621.834    -4692.938       71.103   948.4
6.6000        -4623.924    -4695.491       71.567   954.6
6.6500        -4624.266    -4696.089       71.823   958.0
6.7000        -4623.109    -4693.122       70.013   933.9
6.7500        -4619.948    -4691.753       71.806   957.8
6.8000        -4616.301    -4692.120       75.819  1011.3
6.8500        -4615.145    -4688.179       73.034   974.2
6.9000        -4614.849    -4686.467       71.618   955.3
6.9500        -4614.570    -4694.480       79.910  1065.9
7.0000        -4615.179    -4691.313       76.135  1015.5
7.0500        -4616.118    -4692.351       76.232  1016.8
7.1000        -4616.996    -4689.663       72.668   969.3
7.1500        -4617.244    -4692.074       74.830   998.1
7.2000        -4617.533    -4693.035       75.502  1007.1
7.2500        -4617.794    -4692.455       74.661   995.9
7.3000        -4617.888    -4688.238       70.350   938.4
7.3500        -4616.826    -4693.124       76.298  1017.7
7.4000        -4615.334    -4689.519       74.185   989.5
7.4500        -4613.025    -4689.268       76.244  1017.0
7.5000        -4611.596    -4686.712       75.116  1001.9
7.5500        -4611.199    -4688.418       77.219  1030.0
7.6000        -4612.095    -4689.623       77.528  1034.1
7.6500        -4614.875    -4692.955       78.080  1041.5
7.7000        -4618.683    -4694.243       75.560  1007.9
7.7500        -4620.203    -4693.262       73.058   974.5
7.8000        -4620.132    -4692.427       72.295   964.3
7.8500        -4618.981    -4691.315       72.333   964.8
7.9000        -4617.178    -4693.282       76.104  1015.1
7.9500        -4615.462    -4689.932       74.471   993.3
8.0000        -4614.510    -4691.243       76.733  1023.5
8.0500        -4614.293    -4686.605       72.312   964.5
8.1000        -4614.170    -4688.944       74.774   997.4
8.1500        -4614.427    -4689.470       75.044  1001.0
8.2000        -4614.894    -4690.437       75.542  1007.6
8.2500        -4615.564    -4692.371       76.807  1024.5
8.3000        -4616.217    -4690.738       74.521   994.0
8.3500        -4616.625    -4691.020       74.395   992.3
8.4000        -4616.642    -4693.442       76.800  1024.4
8.4500        -4616.761    -4692.215       75.454  1006.4
8.5000        -4617.327    -4691.322       73.995   987.0
8.5500        -4617.608    -4689.483       71.874   958.7
8.6000        -4617.606    -4692.033       74.426   992.7
8.6500        -4617.710    -4692.110       74.400   992.4
8.7000        -4617.662    -4693.604       75.942  1013.0
8.7500        -4617.247    -4690.833       73.586   981.5
8.8000        -4616.436    -4693.134       76.698  1023.0
8.8500        -4616.201    -4693.581       77.380  1032.1
8.9000        -4616.425    -4690.228       73.802   984.4
8.9500        -4616.570    -4693.473       76.902  1025.8
9.0000        -4616.596    -4691.793       75.197  1003.0
9.0500        -4616.226    -4692.166       75.940  1012.9
9.1000        -4615.708    -4692.846       77.138  1028.9
9.1500        -4615.321    -4689.538       74.217   989.9
9.2000        -4615.053    -4691.327       76.274  1017.4
9.2500        -4615.610    -4691.034       75.424  1006.0
9.3000        -4616.818    -4689.411       72.594   968.3
9.3500        -4618.589    -4692.462       73.874   985.4
9.4000        -4620.295    -4696.104       75.809  1011.2
9.4500        -4621.424    -4696.347       74.923   999.4
9.5000        -4621.988    -4695.933       73.944   986.3
9.5500        -4621.149    -4692.904       71.755   957.1
9.6000        -4617.972    -4691.287       73.315   977.9
9.6500        -4614.690    -4691.200       76.511  1020.5
9.7000        -4613.016    -4693.802       80.786  1077.6
9.7500        -4613.075    -4687.271       74.196   989.7
9.8000        -4613.691    -4689.902       76.211  1016.5
9.8500        -4614.723    -4689.032       74.308   991.2
9.9000        -4616.969    -4691.737       74.768   997.3
9.9500        -4620.162    -4694.296       74.134   988.8
10.0000       -4622.481    -4696.473       73.992   986.9
10.0500       -4622.833    -4694.988       72.155   962.4
10.1000       -4622.224    -4693.676       71.453   953.1
10.1500       -4621.228    -4695.208       73.980   986.8
10.2000       -4619.630    -4695.028       75.398  1005.7
10.2500       -4617.933    -4691.185       73.252   977.1
10.3000       -4616.236    -4689.004       72.767   970.6
10.3500       -4614.788    -4691.589       76.802  1024.4
10.4000       -4614.317    -4690.071       75.754  1010.4
10.4500       -4614.070    -4691.811       77.741  1036.9
10.5000       -4615.427    -4688.356       72.929   972.8
10.5500       -4618.274    -4692.276       74.002   987.1
10.6000       -4621.157    -4695.631       74.475   993.4
10.6500       -4623.448    -4696.413       72.965   973.2
10.7000       -4624.466    -4696.900       72.434   966.2
10.7500       -4623.938    -4695.211       71.272   950.7
10.8000       -4621.790    -4696.762       74.972  1000.0
10.8500       -4619.077    -4696.288       77.211  1029.9
10.9000       -4617.037    -4691.769       74.732   996.8
10.9500       -4616.342    -4692.003       75.662  1009.2
11.0000       -4616.281    -4691.607       75.326  1004.7
11.0500       -4616.572    -4691.255       74.684   996.2
11.1000       -4616.766    -4692.146       75.379  1005.5
11.1500       -4616.895    -4693.571       76.676  1022.7
11.2000       -4617.546    -4690.761       73.216   976.6
11.2500       -4618.440    -4692.710       74.270   990.7
11.3000       -4620.986    -4692.879       71.893   958.9
11.3500       -4623.138    -4694.752       71.614   955.2
11.4000       -4623.980    -4694.718       70.738   943.5
11.4500       -4623.309    -4698.228       74.919   999.3
11.5000       -4621.071    -4693.646       72.575   968.0
11.5500       -4617.626    -4690.247       72.621   968.7
11.6000       -4615.522    -4691.617       76.095  1015.0
11.6500       -4614.901    -4690.742       75.842  1011.6
11.7000       -4614.894    -4690.907       76.013  1013.9
11.7500       -4615.333    -4691.359       76.026  1014.1
11.8000       -4616.374    -4690.606       74.232   990.1
11.8500       -4617.971    -4696.118       78.147  1042.4
11.9000       -4620.796    -4691.338       70.543   940.9
11.9500       -4622.749    -4696.097       73.348   978.4
12.0000       -4623.518    -4693.796       70.277   937.4
12.0500       -4622.458    -4695.042       72.584   968.2
12.1000       -4618.555    -4692.428       73.873   985.4
12.1500       -4614.681    -4690.395       75.714  1009.9
12.2000       -4613.092    -4687.690       74.599   995.0
12.2500       -4612.474    -4690.184       77.710  1036.5
12.3000       -4613.239    -4688.689       75.450  1006.4
12.3500       -4614.973    -4690.573       75.600  1008.4
12.4000       -4617.299    -4691.553       74.254   990.4
12.4500       -4618.931    -4693.453       74.521   994.0
12.5000       -4620.077    -4692.509       72.432   966.1
12.5500       -4620.824    -4695.646       74.823   998.0
12.6000       -4621.166    -4692.073       70.906   945.8
12.6500       -4619.219    -4695.949       76.730  1023.5
12.7000       -4615.387    -4690.142       74.755   997.1
12.7500       -4612.458    -4688.371       75.912  1012.6
12.8000       -4611.171    -4683.567       72.396   965.7
12.8500       -4610.393    -4690.303       79.910  1065.9
12.9000       -4611.212    -4687.492       76.280  1017.5
12.9500       -4613.298    -4688.108       74.810   997.8
13.0000       -4615.714    -4689.527       73.813   984.6
13.0500       -4617.679    -4691.526       73.846   985.0
13.1000       -4619.032    -4691.866       72.833   971.5
13.1500       -4619.432    -4693.664       74.232   990.1
13.2000       -4619.158    -4695.822       76.664  1022.6
13.2500       -4618.555    -4690.457       71.902   959.1
13.3000       -4617.910    -4695.571       77.661  1035.9
13.3500       -4617.755    -4690.748       72.994   973.6
13.4000       -4617.248    -4691.148       73.900   985.7
13.4500       -4616.551    -4690.756       74.205   989.8
13.5000       -4615.442    -4692.102       76.659  1022.5
13.5500       -4614.423    -4687.620       73.197   976.3
13.6000       -4612.603    -4688.560       75.957  1013.2
13.6500       -4610.513    -4690.490       79.977  1066.8
13.7000       -4608.959    -4686.262       77.304  1031.1
13.7500       -4608.100    -4690.052       81.952  1093.1
13.8000       -4610.085    -4686.829       76.745  1023.7
13.8500       -4614.615    -4689.772       75.156  1002.5
13.9000       -4617.260    -4691.922       74.662   995.9
13.9500       -4618.426    -4690.107       71.681   956.1
14.0000       -4618.699    -4694.242       75.543  1007.6
14.0500       -4618.488    -4694.019       75.531  1007.5
14.1000       -4617.528    -4692.873       75.346  1005.0
14.1500       -4615.997    -4691.696       75.700  1009.7
14.2000       -4613.776    -4688.790       75.014  1000.6
14.2500       -4610.935    -4686.969       76.034  1014.2
14.3000       -4608.695    -4687.705       79.011  1053.9
14.3500       -4608.959    -4686.638       77.679  1036.1
14.4000       -4610.886    -4690.528       79.642  1062.3
14.4500       -4612.858    -4689.529       76.671  1022.7
14.5000       -4614.230    -4689.738       75.508  1007.2
14.5500       -4615.101    -4690.079       74.978  1000.1
14.6000       -4615.970    -4694.384       78.414  1045.9
14.6500       -4617.101    -4689.214       72.113   961.9
14.7000       -4617.689    -4689.647       71.959   959.8
14.7500       -4617.463    -4690.160       72.697   969.7
14.8000       -4616.167    -4687.421       71.254   950.4
14.8500       -4613.532    -4686.907       73.375   978.7
14.9000       -4610.797    -4683.867       73.070   974.7
14.9500       -4608.765    -4687.193       78.428  1046.1
15.0000       -4608.228    -4687.157       78.929  1052.8
15.0500       -4609.340    -4687.924       78.583  1048.2
15.1000       -4612.605    -4691.532       78.927  1052.8
15.1500       -4617.207    -4690.326       73.119   975.3
15.2000       -4618.489    -4693.065       74.575   994.7
15.2500       -4618.441    -4689.245       70.805   944.4
15.3000       -4617.202    -4692.822       75.620  1008.7
15.3500       -4615.591    -4690.169       74.579   994.8
15.4000       -4613.626    -4691.147       77.521  1034.0
15.4500       -4612.412    -4691.633       79.222  1056.7
15.5000       -4611.949    -4689.196       77.247  1030.4
15.5500       -4612.033    -4690.646       78.613  1048.6
15.6000       -4612.960    -4687.884       74.924   999.4
15.6500       -4614.769    -4687.910       73.142   975.6
15.7000       -4617.659    -4691.243       73.584   981.5
15.7500       -4619.899    -4691.234       71.335   951.5
15.8000       -4620.531    -4693.478       72.947   973.0
15.8500       -4620.248    -4692.836       72.588   968.2
15.9000       -4618.752    -4690.679       71.927   959.4
15.9500       -4615.377    -4688.925       73.548   981.0
16.0000       -4612.210    -4688.727       76.516  1020.6
16.0500       -4611.426    -4687.347       75.921  1012.7
16.1000       -4611.880    -4686.104       74.224   990.0
16.1500       -4612.644    -4688.557       75.914  1012.6
16.2000       -4613.998    -4691.086       77.088  1028.2
16.2500       -4615.733    -4690.276       74.543   994.3
16.3000       -4617.509    -4692.820       75.311  1004.5
16.3500       -4618.951    -4694.871       75.920  1012.7
16.4000       -4619.574    -4693.965       74.392   992.3
16.4500       -4619.405    -4691.075       71.670   956.0
16.5000       -4618.733    -4692.434       73.700   983.1
16.5500       -4618.112    -4696.564       78.452  1046.4
16.6000       -4618.259    -4694.369       76.110  1015.2
16.6500       -4618.182    -4688.747       70.565   941.2
16.7000       -4617.173    -4694.349       77.177  1029.4
16.7500       -4615.969    -4691.477       75.508  1007.2
16.8000       -4615.076    -4691.351       76.276  1017.4
16.8500       -4614.120    -4688.744       74.624   995.4
16.9000       -4612.553    -4688.888       76.335  1018.2
16.9500       -4610.555    -4688.612       78.057  1041.2
17.0000       -4609.088    -4687.881       78.792  1051.0
17.0500       -4609.760    -4686.841       77.081  1028.1
17.1000       -4612.306    -4687.813       75.506  1007.1
17.1500       -4615.505    -4690.314       74.809   997.8
17.2000       -4617.986    -4693.821       75.835  1011.5
17.2500       -4619.163    -4693.236       74.073   988.0
17.3000       -4619.609    -4692.455       72.847   971.7
17.3500       -4619.309    -4690.825       71.516   953.9
17.4000       -4617.940    -4697.045       79.105  1055.1
17.4500       -4616.704    -4694.487       77.783  1037.5
17.5000       -4615.680    -4692.214       76.534  1020.9
17.5500       -4613.915    -4687.410       73.495   980.3
17.6000       -4610.078    -4685.862       75.784  1010.9
17.6500       -4608.251    -4687.832       79.581  1061.5
17.7000       -4608.783    -4689.701       80.917  1079.3
17.7500       -4611.228    -4686.110       74.882   998.8
17.8000       -4614.176    -4689.966       75.790  1010.9
17.8500       -4616.069    -4691.516       75.447  1006.3
17.9000       -4617.238    -4693.051       75.813  1011.2
17.9500       -4617.845    -4693.413       75.568  1008.0
18.0000       -4617.958    -4693.612       75.653  1009.1
18.0500       -4617.709    -4694.952       77.242  1030.3
18.1000       -4617.949    -4691.270       73.321   978.0
18.1500       -4618.300    -4693.094       74.793   997.6
18.2000       -4618.567    -4694.182       75.615  1008.6
18.2500       -4618.615    -4691.089       72.475   966.7
18.3000       -4618.388    -4692.673       74.285   990.9
18.3500       -4618.270    -4692.479       74.210   989.8
18.4000       -4618.170    -4693.708       75.538  1007.6
18.4500       -4618.349    -4690.100       71.751   957.0
18.5000       -4617.781    -4694.666       76.885  1025.5
18.5500       -4617.260    -4693.759       76.499  1020.4
18.6000       -4617.562    -4692.389       74.827   998.1
18.6500       -4618.659    -4689.460       70.800   944.4
18.7000       -4619.522    -4691.715       72.193   962.9
18.7500       -4620.247    -4694.585       74.338   991.6
18.8000       -4620.871    -4692.946       72.075   961.4
18.8500       -4621.301    -4697.401       76.100  1015.1
18.9000       -4621.676    -4693.507       71.830   958.1
18.9500       -4621.219    -4695.693       74.474   993.4
19.0000       -4619.466    -4695.641       76.175  1016.1
19.0500       -4617.159    -4693.720       76.561  1021.2
19.1000       -4615.025    -4692.028       77.003  1027.1
19.1500       -4613.709    -4691.206       77.497  1033.7
19.2000       -4613.623    -4689.721       76.098  1015.0
19.2500       -4615.247    -4692.356       77.109  1028.5
19.3000       -4619.439    -4694.095       74.656   995.8
19.3500       -4622.320    -4694.552       72.232   963.5
19.4000       -4622.964    -4694.022       71.058   947.8
19.4500       -4622.594    -4695.394       72.800   971.0
19.5000       -4621.458    -4692.718       71.259   950.5
19.5500       -4619.287    -4695.253       75.966  1013.3
19.6000       -4617.378    -4690.200       72.823   971.3
19.6500       -4616.174    -4692.348       76.174  1016.0
19.7000       -4615.953    -4691.307       75.354  1005.1
19.7500       -4616.039    -4691.862       75.823  1011.4
19.8000       -4616.382    -4689.404       73.022   974.0
19.8500       -4617.415    -4690.327       72.912   972.5
19.9000       -4621.292    -4695.633       74.341   991.6
19.9500       -4625.709    -4696.834       71.126   948.7
20.0000       -4626.742    -4698.728       71.985   960.2
20.0500       -4625.757    -4696.572       70.815   944.6
20.1000       -4623.173    -4697.872       74.699   996.4
20.1500       -4620.512    -4695.572       75.060  1001.2
20.2000       -4618.788    -4695.236       76.448  1019.7
20.2500       -4617.380    -4694.799       77.419  1032.7
20.3000       -4616.819    -4691.879       75.060  1001.2
20.3500       -4616.317    -4693.171       76.854  1025.1
20.4000       -4615.988    -4690.935       74.947   999.7
20.4500       -4615.944    -4693.483       77.539  1034.3
20.5000       -4616.946    -4693.594       76.648  1022.4
20.5500       -4619.228    -4691.985       72.756   970.5
20.6000       -4621.293    -4695.132       73.839   984.9
20.6500       -4622.694    -4697.135       74.441   992.9
20.7000       -4623.304    -4694.302       70.998   947.0
20.7500       -4622.592    -4695.332       72.740   970.2
20.8000       -4620.313    -4693.465       73.153   975.8
20.8500       -4616.795    -4688.992       72.197   963.0
20.9000       -4614.369    -4686.400       72.031   960.8
20.9500       -4613.819    -4691.130       77.311  1031.2
21.0000       -4614.571    -4690.622       76.050  1014.4
21.0500       -4616.124    -4693.568       77.444  1033.0
21.1000       -4617.763    -4692.411       74.648   995.7
21.1500       -4619.095    -4696.574       77.480  1033.5
21.2000       -4620.679    -4693.749       73.070   974.6
21.2500       -4621.165    -4694.957       73.793   984.3
21.3000       -4620.485    -4694.924       74.440   992.9
21.3500       -4619.412    -4691.034       71.622   955.3
21.4000       -4616.494    -4690.439       73.945   986.3
21.4500       -4610.354    -4692.752       82.398  1099.1
21.5000       -4609.185    -4688.607       79.422  1059.4
21.5500       -4610.451    -4686.402       75.952  1013.1
21.6000       -4612.661    -4690.176       77.516  1033.9
21.6500       -4615.317    -4691.996       76.678  1022.8
21.7000       -4618.008    -4690.193       72.184   962.8
21.7500       -4619.623    -4693.719       74.096   988.3
21.8000       -4620.335    -4694.381       74.045   987.7
21.8500       -4620.276    -4695.619       75.343  1005.0
21.9000       -4619.868    -4696.466       76.598  1021.7
21.9500       -4618.802    -4693.783       74.981  1000.1
22.0000       -4616.135    -4691.407       75.271  1004.0
22.0500       -4612.416    -4688.678       76.262  1017.2
22.1000       -4610.312    -4686.219       75.907  1012.5
22.1500       -4610.095    -4693.009       82.914  1105.9
22.2000       -4612.037    -4685.930       73.892   985.6
22.2500       -4614.152    -4687.852       73.700   983.1
22.3000       -4615.719    -4691.583       75.864  1011.9
22.3500       -4616.816    -4692.285       75.469  1006.6
22.4000       -4617.516    -4690.063       72.547   967.7
22.4500       -4617.780    -4692.522       74.743   997.0
22.5000       -4618.123    -4693.364       75.241  1003.6
22.5500       -4618.599    -4691.448       72.850   971.7
22.6000       -4618.895    -4693.587       74.692   996.3
22.6500       -4619.856    -4693.704       73.848   985.0
22.7000       -4620.806    -4692.120       71.314   951.2
22.7500       -4620.757    -4692.435       71.678   956.1
22.8000       -4619.748    -4694.546       74.797   997.7
22.8500       -4617.869    -4693.565       75.696  1009.7
22.9000       -4616.055    -4692.114       76.059  1014.5
22.9500       -4614.945    -4693.047       78.102  1041.8
23.0000       -4614.639    -4688.053       73.414   979.2
23.0500       -4615.119    -4690.762       75.644  1009.0
23.1000       -4616.018    -4692.834       76.816  1024.6
23.1500       -4617.560    -4689.639       72.079   961.4
23.2000       -4619.123    -4694.718       75.594  1008.3
23.2500       -4620.814    -4691.787       70.973   946.7
23.3000       -4621.253    -4694.685       73.432   979.5
23.3500       -4620.588    -4691.637       71.050   947.7
23.4000       -4618.660    -4692.180       73.520   980.7
23.4500       -4615.726    -4692.099       76.374  1018.7
23.5000       -4613.030    -4689.133       76.103  1015.1
23.5500       -4611.852    -4689.396       77.544  1034.3
23.6000       -4612.079    -4689.534       77.455  1033.1
23.6500       -4613.139    -4691.809       78.670  1049.3
23.7000       -4614.625    -4688.786       74.161   989.2
23.7500       -4615.948    -4690.992       75.044  1001.0
23.8000       -4616.755    -4688.954       72.199   963.0
23.8500       -4616.876    -4689.595       72.719   970.0
23.9000       -4616.239    -4692.382       76.143  1015.6
23.9500       -4615.812    -4692.414       76.602  1021.8
24.0000       -4615.687    -4691.400       75.712  1009.9
24.0500       -4615.455    -4690.561       75.106  1001.8
24.1000       -4615.036    -4688.313       73.277   977.4
24.1500       -4614.459    -4692.448       77.989  1040.3
24.2000       -4614.276    -4689.702       75.426  1006.1
24.2500       -4613.958    -4687.879       73.921   986.0
24.3000       -4613.236    -4691.046       77.809  1037.9
24.3500       -4612.777    -4688.675       75.898  1012.4
24.4000       -4613.363    -4688.235       74.872   998.7
24.4500       -4615.061    -4692.669       77.608  1035.2
24.5000       -4617.612    -4690.146       72.534   967.5
24.5500       -4619.223    -4695.428       76.205  1016.5
24.6000       -4620.344    -4694.977       74.634   995.5
24.6500       -4620.229    -4690.644       70.415   939.2
24.7000       -4618.354    -4695.625       77.271  1030.7
24.7500       -4614.302    -4693.003       78.700  1049.7
24.8000       -4611.470    -4688.168       76.699  1023.1
24.8500       -4611.148    -4687.436       76.288  1017.6
24.9000       -4611.671    -4692.327       80.657  1075.8
24.9500       -4613.396    -4688.194       74.798   997.7
25.0000       -4615.206    -4690.870       75.664  1009.2
