Time[ps]      Etot[eV]     Epot[eV]     Ekin[eV]    T[K]
0.0000        -4465.980    -4603.007      137.027  1963.1
Time[ps]      Etot[eV]     Epot[eV]     Ekin[eV]    T[K]
0.0000        -4465.980    -4603.007      137.027  1963.1
0.0500        -4464.379    -4606.253      141.874  2032.6
0.1000        -4461.320    -4600.710      139.390  1997.0
0.1500        -4457.276    -4600.934      143.658  2058.1
0.2000        -4452.585    -4588.605      136.020  1948.7
0.2500        -4447.056    -4587.756      140.701  2015.8
0.3000        -4441.459    -4588.425      146.966  2105.5
0.3500        -4440.726    -4587.960      147.234  2109.4
0.4000        -4446.840    -4591.350      144.510  2070.3
0.4500        -4457.224    -4600.626      143.402  2054.5
0.5000        -4461.339    -4595.734      134.396  1925.4
0.5500        -4463.041    -4605.554      142.512  2041.7
0.6000        -4463.604    -4598.673      135.069  1935.1
0.6500        -4463.394    -4600.046      136.652  1957.7
0.7000        -4462.203    -4605.111      142.909  2047.4
0.7500        -4460.373    -4607.998      147.625  2115.0
0.8000        -4459.615    -4599.027      139.412  1997.3
0.8500        -4458.821    -4597.352      138.532  1984.7
0.9000        -4457.344    -4602.360      145.016  2077.6
0.9500        -4457.618    -4605.208      147.590  2114.5
1.0000        -4461.448    -4597.907      136.459  1955.0
1.0500        -4466.145    -4601.848      135.703  1944.2
1.1000        -4469.826    -4608.324      138.498  1984.2
1.1500        -4470.918    -4606.736      135.818  1945.8
1.2000        -4468.992    -4606.330      137.338  1967.6
1.2500        -4464.519    -4606.607      142.088  2035.6
1.3000        -4457.689    -4598.283      140.595  2014.2
1.3500        -4452.463    -4598.659      146.196  2094.5
1.4000        -4452.109    -4594.070      141.961  2033.8
1.4500        -4453.554    -4594.786      141.232  2023.4
1.5000        -4455.999    -4601.398      145.399  2083.1
1.5500        -4459.286    -4601.032      141.747  2030.7
1.6000        -4462.778    -4606.487      143.709  2058.9
1.6500        -4465.139    -4604.571      139.432  1997.6
1.7000        -4465.833    -4602.722      136.889  1961.1
1.7500        -4465.531    -4604.207      138.676  1986.8
1.8000        -4464.718    -4605.811      141.093  2021.4
1.8500        -4464.124    -4605.752      141.628  2029.0
1.9000        -4463.609    -4601.701      138.092  1978.4
1.9500        -4462.335    -4600.062      137.727  1973.2
2.0000        -4460.914    -4601.779      140.865  2018.1
2.0500        -4459.198    -4601.834      142.636  2043.5
2.1000        -4456.381    -4601.929      145.549  2085.2
2.1500        -4454.767    -4598.292      143.525  2056.2
2.2000        -4455.284    -4596.130      140.846  2017.8
2.2500        -4457.629    -4598.883      141.254  2023.7
2.3000        -4460.689    -4598.958      138.268  1980.9
2.3500        -4463.719    -4606.767      143.048  2049.4
2.4000        -4468.318    -4609.431      141.113  2021.7
2.4500        -4472.667    -4608.834      136.167  1950.8
2.5000        -4474.210    -4608.392      134.182  1922.4
2.5500        -4473.224    -4602.772      129.548  1856.0
2.6000        -4465.844    -4612.814      146.970  2105.6
2.6500        -4458.574    -4600.018      141.444  2026.4
2.7000        -4456.742    -4598.834      142.092  2035.7
2.7500        -4457.040    -4599.423      142.383  2039.9
2.8000        -4459.674    -4598.498      138.824  1988.9
2.8500        -4463.139    -4607.060      143.920  2061.9
2.9000        -4467.735    -4602.468      134.733  1930.3
2.9500        -4471.218    -4605.124      133.906  1918.4
3.0000        -4471.676    -4606.146      134.470  1926.5
3.0500        -4469.661    -4605.692      136.030  1948.8
3.1000        -4467.258    -4600.263      133.005  1905.5
3.1500        -4464.382    -4600.824      136.443  1954.8
3.2000        -4462.416    -4601.693      139.277  1995.4
3.2500        -4462.135    -4598.664      136.529  1956.0
3.3000        -4462.057    -4607.159      145.102  2078.8
3.3500        -4462.543    -4600.376      137.833  1974.7
3.4000        -4463.029    -4596.297      133.268  1909.3
3.4500        -4462.644    -4601.713      139.069  1992.4
3.5000        -4462.682    -4601.603      138.922  1990.3
3.5500        -4461.966    -4600.161      138.195  1979.9
3.6000        -4462.137    -4605.640      143.503  2055.9
3.6500        -4465.174    -4606.767      141.594  2028.6
3.7000        -4468.784    -4603.872      135.088  1935.3
3.7500        -4470.953    -4605.661      134.709  1929.9
3.8000        -4470.686    -4602.885      132.199  1894.0
3.8500        -4466.847    -4611.549      144.701  2073.1
3.9000        -4460.763    -4600.046      139.283  1995.4
3.9500        -4456.046    -4604.645      148.599  2128.9
4.0000        -4455.663    -4600.009      144.347  2068.0
4.0500        -4457.068    -4599.062      141.994  2034.3
4.1000        -4458.614    -4597.695      139.081  1992.6
4.1500        -4460.343    -4596.739      136.396  1954.1
4.2000        -4461.557    -4593.430      131.873  1889.3
4.2500        -4461.772    -4592.603      130.831  1874.4
4.3000        -4461.194    -4602.009      140.815  2017.4
4.3500        -4460.335    -4602.145      141.810  2031.6
4.4000        -4460.493    -4599.294      138.801  1988.5
4.4500        -4460.023    -4600.668      140.645  2015.0
4.5000        -4459.686    -4603.045      143.360  2053.9
4.5500        -4460.272    -4602.501      142.229  2037.7
4.6000        -4461.834    -4601.699      139.865  2003.8
4.6500        -4463.787    -4596.271      132.484  1898.0
4.7000        -4464.337    -4601.850      137.513  1970.1
4.7500        -4464.822    -4602.664      137.843  1974.8
4.8000        -4465.192    -4604.352      139.160  1993.7
4.8500        -4464.120    -4602.343      138.223  1980.3
4.9000        -4461.392    -4598.370      136.977  1962.4
4.9500        -4456.535    -4597.860      141.326  2024.7
5.0000        -4452.831    -4603.900      151.069  2164.3
5.0500        -4452.312    -4599.350      147.039  2106.6
5.1000        -4455.537    -4602.442      146.905  2104.6
5.1500        -4460.728    -4597.708      136.980  1962.5
5.2000        -4465.420    -4607.577      142.157  2036.6
5.2500        -4467.945    -4609.425      141.479  2026.9
5.3000        -4468.546    -4605.982      137.436  1969.0
5.3500        -4468.429    -4600.081      131.652  1886.1
5.4000        -4466.738    -4611.602      144.864  2075.4
5.4500        -4466.663    -4612.879      146.216  2094.8
5.5000        -4468.100    -4599.231      131.131  1878.7
5.5500        -4469.175    -4604.627      135.452  1940.6
5.6000        -4470.020    -4604.995      134.975  1933.7
5.6500        -4469.309    -4609.432      140.123  2007.5
5.7000        -4464.097    -4602.489      138.392  1982.7
5.7500        -4455.079    -4598.488      143.408  2054.6
5.8000        -4451.507    -4591.060      139.553  1999.3
5.8500        -4451.131    -4604.804      153.673  2201.6
5.9000        -4454.597    -4590.942      136.344  1953.3
5.9500        -4458.532    -4599.728      141.196  2022.8
6.0000        -4462.553    -4599.349      136.796  1959.8
6.0500        -4465.320    -4599.167      133.847  1917.6
6.1000        -4466.246    -4606.301      140.055  2006.5
6.1500        -4466.353    -4598.890      132.537  1898.8
6.2000        -4465.737    -4604.727      138.990  1991.3
6.2500        -4464.869    -4607.684      142.815  2046.0
6.3000        -4464.535    -4593.565      129.030  1848.6
6.3500        -4460.592    -4602.318      141.727  2030.5
6.4000        -4456.724    -4594.953      138.229  1980.4
6.4500        -4454.573    -4595.488      140.915  2018.8
6.5000        -4453.499    -4593.923      140.424  2011.8
6.5500        -4454.465    -4592.775      138.310  1981.5
6.6000        -4457.949    -4604.058      146.109  2093.2
6.6500        -4464.298    -4601.225      136.928  1961.7
6.7000        -4468.433    -4605.763      137.330  1967.5
6.7500        -4470.045    -4607.858      137.813  1974.4
6.8000        -4469.844    -4604.258      134.414  1925.7
6.8500        -4468.362    -4608.053      139.691  2001.3
6.9000        -4465.498    -4607.158      141.660  2029.5
6.9500        -4461.210    -4599.615      138.405  1982.9
7.0000        -4453.762    -4607.284      153.522  2199.4
7.0500        -4449.864    -4592.592      142.727  2044.8
7.1000        -4449.419    -4596.982      147.563  2114.1
7.1500        -4451.654    -4594.216      142.563  2042.4
7.2000        -4456.169    -4600.413      144.244  2066.5
7.2500        -4462.087    -4601.410      139.323  1996.0
7.3000        -4464.557    -4597.879      133.322  1910.0
7.3500        -4463.622    -4603.409      139.787  2002.7
7.4000        -4461.860    -4597.976      136.115  1950.1
7.4500        -4459.189    -4596.650      137.461  1969.4
7.5000        -4455.733    -4592.407      136.674  1958.1
7.5500        -4451.910    -4598.504      146.593  2100.2
7.6000        -4450.284    -4593.600      143.316  2053.2
7.6500        -4451.266    -4594.087      142.821  2046.1
7.7000        -4455.081    -4594.198      139.117  1993.1
7.7500        -4459.884    -4601.201      141.317  2024.6
7.8000        -4464.986    -4603.569      138.583  1985.4
7.8500        -4468.302    -4604.451      136.149  1950.5
7.9000        -4469.544    -4603.757      134.214  1922.8
7.9500        -4468.758    -4608.676      139.918  2004.5
8.0000        -4467.297    -4605.864      138.567  1985.2
8.0500        -4465.613    -4606.482      140.869  2018.2
8.1000        -4463.975    -4603.676      139.701  2001.4
8.1500        -4462.453    -4607.873      145.421  2083.4
8.2000        -4462.440    -4601.796      139.356  1996.5
8.2500        -4462.850    -4600.760      137.910  1975.8
8.3000        -4462.801    -4601.817      139.015  1991.6
8.3500        -4463.084    -4603.998      140.914  2018.8
8.4000        -4463.111    -4605.724      142.613  2043.2
8.4500        -4462.101    -4612.764      150.663  2158.5
8.5000        -4462.003    -4597.383      135.380  1939.5
8.5500        -4461.408    -4602.675      141.268  2023.9
8.6000        -4461.156    -4598.515      137.360  1967.9
8.6500        -4461.211    -4602.171      140.960  2019.5
8.7000        -4462.397    -4597.607      135.209  1937.1
8.7500        -4464.565    -4603.166      138.601  1985.7
8.8000        -4466.617    -4614.105      147.488  2113.0
8.8500        -4469.335    -4609.526      140.191  2008.5
8.9000        -4473.210    -4604.956      131.746  1887.5
8.9500        -4475.921    -4614.491      138.570  1985.2
9.0000        -4476.447    -4611.860      135.413  1940.0
9.0500        -4472.862    -4610.448      137.586  1971.1
9.1000        -4465.840    -4606.651      140.811  2017.3
9.1500        -4460.171    -4606.737      146.566  2099.8
9.2000        -4457.842    -4605.268      147.426  2112.1
9.2500        -4457.453    -4593.985      136.532  1956.0
9.3000        -4457.146    -4600.217      143.071  2049.7
9.3500        -4457.966    -4599.633      141.667  2029.6
9.4000        -4460.511    -4598.620      138.110  1978.6
9.4500        -4465.555    -4603.375      137.821  1974.5
9.5000        -4473.058    -4609.083      136.026  1948.8
9.5500        -4476.845    -4607.590      130.745  1873.1
9.6000        -4476.155    -4607.215      131.059  1877.6
9.6500        -4473.776    -4607.239      133.463  1912.1
9.7000        -4470.333    -4607.842      137.509  1970.0
9.7500        -4467.181    -4607.827      140.646  2015.0
9.8000        -4464.062    -4606.302      142.240  2037.8
9.8500        -4461.601    -4604.217      142.616  2043.2
9.9000        -4459.928    -4599.836      139.908  2004.4
9.9500        -4459.164    -4599.267      140.104  2007.2
10.0000       -4459.254    -4598.989      139.735  2001.9
10.0500       -4458.554    -4601.547      142.993  2048.6
10.1000       -4458.161    -4593.856      135.696  1944.1
10.1500       -4457.418    -4599.038      141.621  2028.9
10.2000       -4455.921    -4596.520      140.599  2014.3
10.2500       -4454.884    -4593.950      139.066  1992.3
10.3000       -4456.253    -4596.733      140.479  2012.6
10.3500       -4460.297    -4602.499      142.203  2037.3
10.4000       -4464.769    -4603.351      138.583  1985.4
10.4500       -4467.754    -4604.779      137.025  1963.1
10.5000       -4468.938    -4607.018      138.080  1978.2
10.5500       -4467.878    -4603.644      135.766  1945.1
10.6000       -4463.947    -4604.505      140.558  2013.7
10.6500       -4455.706    -4601.988      146.282  2095.7
10.7000       -4452.276    -4599.609      147.333  2110.8
10.7500       -4452.785    -4599.713      146.928  2105.0
10.8000       -4455.311    -4592.624      137.313  1967.2
10.8500       -4458.532    -4605.483      146.950  2105.3
10.9000       -4462.598    -4601.835      139.236  1994.8
10.9500       -4464.722    -4598.185      133.462  1912.1
11.0000       -4464.647    -4601.782      137.135  1964.7
11.0500       -4463.240    -4597.376      134.137  1921.7
11.1000       -4460.578    -4605.423      144.845  2075.1
11.1500       -4458.423    -4603.654      145.231  2080.7
11.2000       -4456.197    -4601.981      145.784  2088.6
11.2500       -4454.866    -4602.547      147.680  2115.8
11.3000       -4454.338    -4593.466      139.128  1993.2
11.3500       -4453.973    -4594.883      140.910  2018.8
11.4000       -4455.155    -4594.841      139.686  2001.2
11.4500       -4458.594    -4592.646      134.052  1920.5
11.5000       -4463.080    -4603.756      140.676  2015.4
11.5500       -4467.456    -4608.153      140.698  2015.7
11.6000       -4470.742    -4609.026      138.284  1981.1
11.6500       -4471.568    -4609.671      138.103  1978.5
11.7000       -4469.960    -4609.671      139.711  2001.6
11.7500       -4467.152    -4607.975      140.823  2017.5
11.8000       -4461.617    -4601.815      140.198  2008.6
11.8500       -4455.443    -4598.799      143.355  2053.8
11.9000       -4452.495    -4595.494      142.999  2048.7
11.9500       -4452.256    -4596.285      144.030  2063.5
12.0000       -4454.237    -4608.058      153.821  2203.7
12.0500       -4458.164    -4599.929      141.764  2031.0
12.1000       -4460.725    -4592.722      131.997  1891.1
12.1500       -4462.023    -4605.342      143.319  2053.3
12.2000       -4463.764    -4604.257      140.494  2012.8
12.2500       -4465.634    -4604.223      138.589  1985.5
12.3000       -4466.958    -4602.685      135.727  1944.5
12.3500       -4466.346    -4606.182      139.837  2003.4
12.4000       -4465.586    -4601.611      136.025  1948.8
12.4500       -4464.792    -4603.069      138.277  1981.0
12.5000       -4463.933    -4599.715      135.782  1945.3
12.5500       -4462.208    -4597.940      135.732  1944.6
12.6000       -4459.581    -4601.398      141.818  2031.8
12.6500       -4456.613    -4609.489      152.876  2190.2
12.7000       -4456.339    -4598.682      142.343  2039.3
12.7500       -4457.314    -4597.008      139.693  2001.3
12.8000       -4460.363    -4606.176      145.812  2089.0
12.8500       -4466.721    -4611.124      144.403  2068.8
12.9000       -4473.144    -4609.104      135.960  1947.8
12.9500       -4474.730    -4602.474      127.743  1830.1
13.0000       -4472.375    -4606.045      133.670  1915.0
13.0500       -4468.655    -4603.620      134.965  1933.6
13.1000       -4465.401    -4600.995      135.594  1942.6
13.1500       -4462.419    -4594.518      132.100  1892.5
13.2000       -4459.578    -4600.275      140.697  2015.7
13.2500       -4458.544    -4599.866      141.322  2024.7
13.3000       -4458.370    -4601.965      143.595  2057.2
13.3500       -4459.418    -4603.336      143.918  2061.9
13.4000       -4462.100    -4600.055      137.955  1976.4
13.4500       -4463.152    -4601.100      137.948  1976.3
13.5000       -4463.121    -4603.762      140.641  2014.9
13.5500       -4463.198    -4605.548      142.351  2039.4
13.6000       -4463.046    -4609.504      146.459  2098.3
13.6500       -4464.637    -4609.669      145.032  2077.8
13.7000       -4467.586    -4603.101      135.514  1941.5
13.7500       -4468.713    -4600.767      132.054  1891.9
13.8000       -4467.650    -4600.733      133.082  1906.6
13.8500       -4463.317    -4603.463      140.145  2007.8
13.9000       -4455.714    -4596.400      140.686  2015.5
13.9500       -4449.744    -4592.847      143.103  2050.2
14.0000       -4448.445    -4598.922      150.477  2155.8
14.0500       -4450.120    -4589.793      139.673  2001.0
14.1000       -4452.951    -4592.169      139.218  1994.5
14.1500       -4456.855    -4593.500      136.646  1957.7
14.2000       -4460.860    -4603.607      142.746  2045.1
14.2500       -4463.926    -4610.703      146.776  2102.8
14.3000       -4466.445    -4602.920      136.475  1955.2
14.3500       -4467.431    -4606.473      139.041  1992.0
14.4000       -4466.550    -4598.852      132.302  1895.4
14.4500       -4464.239    -4602.384      138.145  1979.1
14.5000       -4463.122    -4594.848      131.726  1887.2
14.5500       -4461.896    -4605.727      143.832  2060.6
14.6000       -4460.936    -4601.138      140.202  2008.6
14.6500       -4460.268    -4604.278      144.009  2063.2
14.7000       -4461.978    -4600.152      138.174  1979.6
14.7500       -4466.306    -4602.228      135.922  1947.3
14.8000       -4470.991    -4604.710      133.718  1915.7
14.8500       -4474.109    -4605.536      131.427  1882.9
14.9000       -4474.926    -4614.277      139.351  1996.4
14.9500       -4474.208    -4602.568      128.361  1839.0
15.0000       -4468.807    -4612.570      143.763  2059.6
15.0500       -4462.255    -4602.042      139.787  2002.7
15.1000       -4457.469    -4599.228      141.760  2030.9
15.1500       -4455.421    -4604.375      148.954  2134.0
15.2000       -4455.679    -4598.463      142.784  2045.6
15.2500       -4457.739    -4596.179      138.441  1983.4
15.3000       -4459.218    -4605.836      146.618  2100.5
15.3500       -4461.043    -4601.486      140.443  2012.1
15.4000       -4463.796    -4604.058      140.263  2009.5
15.4500       -4469.540    -4602.414      132.875  1903.6
15.5000       -4475.365    -4610.377      135.011  1934.3
15.5500       -4477.555    -4612.566      135.011  1934.2
15.6000       -4476.872    -4608.295      131.423  1882.8
15.6500       -4473.328    -4609.554      136.225  1951.6
15.7000       -4467.113    -4599.607      132.494  1898.2
15.7500       -4460.540    -4596.115      135.575  1942.3
15.8000       -4458.735    -4598.043      139.308  1995.8
15.8500       -4458.592    -4592.676      134.083  1921.0
15.9000       -4457.847    -4596.791      138.944  1990.6
15.9500       -4457.060    -4600.177      143.117  2050.4
16.0000       -4457.945    -4599.559      141.613  2028.8
16.0500       -4460.850    -4600.492      139.642  2000.6
16.1000       -4464.951    -4603.273      138.322  1981.7
16.1500       -4468.479    -4602.711      134.232  1923.1
16.2000       -4469.682    -4604.468      134.786  1931.0
16.2500       -4468.109    -4609.054      140.945  2019.3
16.3000       -4462.863    -4607.548      144.685  2072.8
16.3500       -4455.744    -4603.945      148.201  2123.2
16.4000       -4452.720    -4602.602      149.882  2147.3
16.4500       -4453.393    -4601.431      148.038  2120.9
16.5000       -4457.016    -4600.291      143.275  2052.6
16.5500       -4460.976    -4600.471      139.495  1998.5
16.6000       -4463.172    -4596.762      133.590  1913.9
16.6500       -4464.175    -4603.461      139.287  1995.5
16.7000       -4463.892    -4602.026      138.134  1979.0
16.7500       -4463.302    -4604.133      140.832  2017.6
16.8000       -4462.674    -4600.022      137.348  1967.7
16.8500       -4460.159    -4600.817      140.658  2015.1
16.9000       -4456.338    -4596.104      139.766  2002.4
16.9500       -4451.100    -4595.080      143.980  2062.7
17.0000       -4447.149    -4596.100      148.950  2133.9
17.0500       -4446.213    -4589.301      143.089  2050.0
17.1000       -4449.692    -4594.297      144.605  2071.7
17.1500       -4458.308    -4595.603      137.295  1967.0
17.2000       -4463.542    -4596.560      133.018  1905.7
17.2500       -4465.730    -4601.218      135.488  1941.1
17.3000       -4465.937    -4604.596      138.659  1986.5
17.3500       -4464.959    -4602.937      137.978  1976.8
17.4000       -4463.557    -4596.505      132.948  1904.7
17.4500       -4459.820    -4599.442      139.622  2000.3
17.5000       -4453.702    -4599.863      146.161  2094.0
17.5500       -4449.899    -4595.713      145.813  2089.0
17.6000       -4448.454    -4590.827      142.372  2039.7
17.6500       -4448.468    -4595.393      146.925  2104.9
17.7000       -4451.410    -4593.965      142.555  2042.3
17.7500       -4459.702    -4602.635      142.933  2047.7
17.8000       -4467.972    -4603.395      135.423  1940.2
17.8500       -4469.573    -4604.398      134.825  1931.6
17.9000       -4469.588    -4606.342      136.754  1959.2
17.9500       -4467.850    -4613.542      145.693  2087.3
18.0000       -4465.693    -4605.451      139.758  2002.3
18.0500       -4463.012    -4600.258      137.246  1966.3
18.1000       -4459.222    -4599.388      140.166  2008.1
18.1500       -4456.857    -4594.826      137.969  1976.6
18.2000       -4454.964    -4603.084      148.120  2122.0
18.2500       -4455.283    -4594.591      139.308  1995.8
18.3000       -4456.820    -4603.380      146.560  2099.7
18.3500       -4461.050    -4597.741      136.692  1958.3
18.4000       -4466.614    -4599.755      133.141  1907.5
18.4500       -4469.607    -4610.096      140.489  2012.7
18.5000       -4471.597    -4607.412      135.814  1945.8
18.5500       -4471.698    -4603.241      131.543  1884.6
18.6000       -4469.528    -4601.966      132.438  1897.4
18.6500       -4463.111    -4600.205      137.094  1964.1
18.7000       -4456.349    -4598.399      142.050  2035.1
18.7500       -4453.976    -4594.002      140.027  2006.1
18.8000       -4454.337    -4598.198      143.861  2061.0
18.8500       -4455.384    -4593.821      138.437  1983.3
18.9000       -4456.748    -4594.360      137.612  1971.5
18.9500       -4458.049    -4597.815      139.766  2002.4
19.0000       -4460.885    -4607.427      146.542  2099.4
19.0500       -4467.214    -4609.776      142.563  2042.4
19.1000       -4474.293    -4606.734      132.441  1897.4
19.1500       -4476.138    -4608.187      132.049  1891.8
19.2000       -4474.872    -4609.737      134.865  1932.2
19.2500       -4472.382    -4605.441      133.059  1906.3
19.3000       -4469.434    -4611.637      142.203  2037.3
19.3500       -4466.926    -4609.143      142.218  2037.5
19.4000       -4464.921    -4602.978      138.058  1977.9
19.4500       -4462.555    -4606.157      143.602  2057.3
19.5000       -4460.528    -4606.569      146.041  2092.3
19.5500       -4459.937    -4601.057      141.120  2021.8
19.6000       -4462.482    -4599.735      137.253  1966.4
19.6500       -4468.006    -4602.088      134.082  1920.9
19.7000       -4473.005    -4611.071      138.067  1978.0
19.7500       -4475.697    -4612.074      136.377  1953.8
19.8000       -4476.825    -4605.675      128.850  1846.0
19.8500       -4474.763    -4605.865      131.102  1878.2
19.9000       -4468.744    -4604.202      135.458  1940.7
19.9500       -4462.405    -4599.053      136.648  1957.7
20.0000       -4459.888    -4601.284      141.396  2025.7
20.0500       -4458.948    -4604.749      145.801  2088.8
20.1000       -4459.078    -4601.547      142.468  2041.1
20.1500       -4459.948    -4602.027      142.079  2035.5
20.2000       -4462.656    -4592.542      129.886  1860.8
20.2500       -4466.146    -4602.644      136.497  1955.5
20.3000       -4470.543    -4602.156      131.613  1885.6
20.3500       -4475.465    -4610.120      134.654  1929.1
20.4000       -4479.663    -4618.878      139.215  1994.5
20.4500       -4482.380    -4619.518      137.138  1964.7
20.5000       -4481.707    -4616.585      134.879  1932.3
20.5500       -4474.148    -4608.413      134.265  1923.6
20.6000       -4464.789    -4605.061      140.272  2009.6
20.6500       -4460.732    -4595.110      134.378  1925.2
20.7000       -4458.052    -4598.720      140.667  2015.3
20.7500       -4456.314    -4601.033      144.719  2073.3
20.8000       -4456.559    -4605.980      149.420  2140.7
20.8500       -4460.143    -4604.907      144.763  2074.0
20.9000       -4464.611    -4602.634      138.023  1977.4
20.9500       -4467.755    -4608.018      140.263  2009.5
21.0000       -4468.665    -4603.466      134.802  1931.2
21.0500       -4467.244    -4597.695      130.451  1868.9
21.1000       -4461.643    -4599.705      138.063  1978.0
21.1500       -4454.397    -4596.435      142.038  2034.9
21.2000       -4451.281    -4602.990      151.709  2173.5
21.2500       -4451.799    -4601.303      149.504  2141.9
21.3000       -4454.933    -4601.305      146.372  2097.0
21.3500       -4459.439    -4600.710      141.272  2023.9
21.4000       -4462.592    -4595.274      132.682  1900.9
21.4500       -4463.267    -4608.550      145.283  2081.4
21.5000       -4463.322    -4592.481      129.159  1850.4
21.5500       -4461.719    -4604.290      142.571  2042.6
21.6000       -4460.444    -4600.216      139.773  2002.5
21.6500       -4458.435    -4613.340      154.906  2219.3
21.7000       -4458.487    -4597.311      138.824  1988.9
21.7500       -4459.353    -4604.214      144.861  2075.4
21.8000       -4460.885    -4599.544      138.659  1986.5
21.8500       -4462.807    -4603.584      140.777  2016.9
21.9000       -4464.195    -4596.911      132.716  1901.4
21.9500       -4463.469    -4603.730      140.261  2009.5
22.0000       -4462.158    -4608.749      146.591  2100.1
22.0500       -4461.704    -4603.494      141.790  2031.4
22.1000       -4461.241    -4599.768      138.527  1984.6
22.1500       -4460.622    -4600.520      139.898  2004.3
22.2000       -4460.748    -4600.715      139.966  2005.2
22.2500       -4462.746    -4608.596      145.850  2089.5
22.3000       -4467.223    -4602.219      134.996  1934.0
22.3500       -4471.009    -4608.552      137.544  1970.5
22.4000       -4473.757    -4608.125      134.368  1925.0
22.4500       -4474.704    -4611.321      136.616  1957.2
22.5000       -4473.844    -4605.921      132.077  1892.2
22.5500       -4467.701    -4609.981      142.280  2038.4
22.6000       -4460.163    -4605.659      145.495  2084.5
22.6500       -4457.240    -4596.716      139.476  1998.2
22.7000       -4456.950    -4604.497      147.547  2113.8
22.7500       -4459.149    -4599.572      140.423  2011.8
22.8000       -4461.745    -4598.515      136.771  1959.5
22.8500       -4462.963    -4605.402      142.439  2040.7
22.9000       -4464.488    -4606.784      142.296  2038.6
22.9500       -4467.530    -4603.786      136.257  1952.1
23.0000       -4473.420    -4610.411      136.991  1962.6
23.0500       -4479.399    -4620.589      141.190  2022.8
23.1000       -4482.048    -4618.024      135.976  1948.1
23.1500       -4481.841    -4612.932      131.091  1878.1
23.2000       -4478.501    -4607.506      129.006  1848.2
23.2500       -4472.623    -4608.633      136.011  1948.6
23.3000       -4469.027    -4608.625      139.598  2000.0
23.3500       -4467.421    -4604.973      137.552  1970.6
23.4000       -4465.958    -4602.749      136.791  1959.7
23.4500       -4464.353    -4599.885      135.532  1941.7
23.5000       -4461.462    -4594.652      133.189  1908.1
23.5500       -4457.605    -4599.256      141.651  2029.4
23.6000       -4454.667    -4601.502      146.835  2103.6
23.6500       -4454.434    -4595.770      141.336  2024.9
23.7000       -4456.522    -4601.286      144.764  2074.0
23.7500       -4462.482    -4602.190      139.708  2001.5
23.8000       -4469.778    -4602.152      132.375  1896.5
23.8500       -4473.600    -4612.966      139.367  1996.6
23.9000       -4475.571    -4611.172      135.602  1942.7
23.9500       -4476.173    -4613.754      137.581  1971.1
24.0000       -4476.044    -4610.972      134.927  1933.0
24.0500       -4473.715    -4606.461      132.746  1901.8
24.1000       -4466.322    -4610.154      143.833  2060.6
24.1500       -4460.279    -4606.509      146.229  2095.0
24.2000       -4459.126    -4591.832      132.706  1901.2
24.2500       -4458.380    -4605.590      147.210  2109.0
24.3000       -4460.189    -4605.035      144.847  2075.2
24.3500       -4463.297    -4595.327      132.030  1891.5
24.4000       -4466.221    -4599.752      133.531  1913.0
24.4500       -4467.836    -4603.443      135.606  1942.8
24.5000       -4469.558    -4608.595      139.037  1991.9
24.5500       -4471.536    -4607.298      135.762  1945.0
24.6000       -4474.335    -4619.828      145.493  2084.4
24.6500       -4477.175    -4613.487      136.312  1952.9
24.7000       -4477.675    -4616.537      138.862  1989.4
24.7500       -4476.098    -4614.547      138.450  1983.5
24.8000       -4471.607    -4613.215      141.608  2028.8
24.8500       -4466.058    -4603.652      137.594  1971.2
24.9000       -4461.829    -4598.968      137.139  1964.7
24.9500       -4459.831    -4601.618      141.788  2031.3
25.0000       -4459.582    -4600.684      141.102  2021.5
