Time[ps]      Etot[eV]     Epot[eV]     Ekin[eV]    T[K]
0.0000         -39.9555     -42.3665       2.4110  2331.6
0.0100         -39.9531     -41.5423       1.5892  1536.8
0.0200         -39.9533     -40.7802       0.8269   799.6
0.0300         -39.9541     -41.0005       1.0464  1011.9
0.0400         -39.9539     -41.1453       1.1914  1152.2
Time[ps]      Etot[eV]     Epot[eV]     Ekin[eV]    T[K]
Time[ps]      Etot[eV]     Epot[eV]     Ekin[eV]    T[K]
0.0000         -38.7508     -42.3665       3.6158  3496.6
Time[ps]      Etot[eV]     Epot[eV]     Ekin[eV]    T[K]
Time[ps]      Etot[eV]     Epot[eV]     Ekin[eV]    T[K]
0.0000         -39.7975     -42.3665       2.5690  2484.4
0.0100         -39.7981     -41.2815       1.4834  1434.5
0.0200         -39.7942     -40.3216       0.5274   510.0
0.0300         -39.7814     -40.8742       1.0928  1056.8
0.0400         -39.7423     -41.3143       1.5720  1520.2
0.0500         -39.6876     -41.0788       1.3912  1345.4
0.0600         -39.6393     -40.4807       0.8415   813.7
0.0700         -39.5998     -40.3718       0.7719   746.5
0.0800         -39.5242     -40.9025       1.3784  1332.9
0.0900         -39.4088     -40.8494       1.4407  1393.2
0.1000         -39.2863     -40.8568       1.5705  1518.7
