# Fix print output for fix fThermo
0 300.00000000000017053 -1679.6369032398531544 19.350243706500013019 -1660.2866595333530313 -8008.0095696623120602 8303.765625 2.6978058420681105822
100 180.62954789186554194 -1670.2898946590423748 11.650752574341705525 -1658.6391420847007794 -4899.4178525301931586 8303.765625 2.6978058420681105822
200 173.76718724243062297 -1666.2863474650682747 11.208124737780169156 -1655.0782227272879936 -3048.4854261480395508 8303.765625 2.6978058420681105822
300 239.53152793413099175 -1666.3128498230116747 15.449978136385825067 -1650.8628716866257946 -2264.6577407088652762 8303.765625 2.6978058420681105822
400 250.72889895616350486 -1662.6454393658355002 16.172217663547257871 -1646.473221702288356 -533.10849123002037686 8303.765625 2.6978058420681105822
500 271.48375819319733182 -1659.9748506040371012 17.510922944649617961 -1642.4639276593875366 864.57482875481275642 8303.765625 2.6978058420681105822
600 299.08035304691588863 -1658.7883335860783518 19.290925730946277383 -1639.4974078551319963 1392.1074968237564917 8303.765625 2.6978058420681105822
700 315.13955840854595181 -1659.2748869773702154 20.326757522547186596 -1638.9481294548229471 2122.7232186494925372 8303.765625 2.6978058420681105822
800 319.68041075532704554 -1661.2082469210795352 20.619646187698673856 -1640.588600733380872 657.7343115255931707 8303.765625 2.6978058420681105822
900 312.10605788336192745 -1662.6838111722593112 20.131094274393497301 -1642.552716897865821 -421.43048857742451219 8303.765625 2.6978058420681105822
1000 303.72654041601543895 -1662.8234800437701324 19.590608590606738204 -1643.2328714531633977 -56.08034961413107311 8303.765625 2.6978058420681105822
1100 289.76219866298930583 -1661.0696411391820675 18.689897203533707426 -1642.379743935648321 642.64847708148749916 8303.765625 2.6978058420681105822
1200 322.28888912897639329 -1661.3064112651982214 20.787895161809508693 -1640.5185161033887198 579.3976144529094654 8303.765625 2.6978058420681105822
1300 299.62809841220206408 -1659.2517107419500917 19.32625575197091905 -1639.9254549899792437 1585.0996104312607713 8303.765625 2.6978058420681105822
1400 296.45061520879289674 -1659.469227272516946 19.121305504106661743 -1640.3479217684102878 1211.3919088832849411 8303.765625 2.6978058420681105822
1500 299.05588108554604787 -1660.9884213864665981 19.289347269558000164 -1641.699074116908605 743.15725057614190519 8303.765625 2.6978058420681105822
1600 276.22742298924890747 -1660.6677681358876271 17.816893177534758763 -1642.8508749583529607 312.7102813643576269 8303.765625 2.6978058420681105822
1700 299.28815946708027695 -1661.6201070405895734 19.304329413859463216 -1642.315777626730096 289.91291513888319287 8303.765625 2.6978058420681105822
1800 298.91454645335340956 -1660.3840150525272747 19.280231070967680296 -1641.1037839815596726 1147.7288785971759353 8303.765625 2.6978058420681105822
1900 296.46239706511386203 -1659.4376487026540872 19.122065443410413366 -1640.3155832592435672 1463.761906108259609 8303.765625 2.6978058420681105822
2000 317.62431568195671616 -1660.6367056704066272 20.487026385187174782 -1640.1496792852194631 1079.6840161746426929 8303.765625 2.6978058420681105822
0 317.62431568195671616 -1660.6367056704066272 20.487026385187174782 -1640.1496792852194631 1079.6840161746426929 8303.765625 2.6978058420681105822
100 300.8712725985775478 -1660.3789242796228791 19.406441496890906251 -1640.9724827827319587 -1133.4538017983368263 8325.4329145372557832 2.690784688826539206
200 291.10011964227169301 -1661.0812345431982067 18.776194193564219148 -1642.305040349634055 1115.2822801458096365 8297.4133364019489818 2.699871213599638331
300 283.89990983723060936 -1660.710702132363167 18.311774812012632907 -1642.3989273203505945 -884.01089818990931235 8319.8177244653379603 2.6926007463377437112
400 295.69495084462732848 -1661.0780530074518992 19.072564538750256702 -1642.005488468701742 1557.9736563515800754 8293.8837010100141924 2.7010202001700709395
500 296.13897634888030552 -1660.6741076234629872 19.101204544480914649 -1641.5729030789821081 -1805.6865646154212754 8326.835092589202759 2.690331580389631938
600 311.84057122357029357 -1660.7663199670905669 20.113970169167522783 -1640.6523497979230797 1372.3167328935367095 8294.5578126370437531 2.7008006840532496895
700 305.43882089785199696 -1659.9478059143361861 19.701052072664804626 -1640.2467538416713069 -1336.9476642300744516 8329.7338837532588514 2.6893953308620419662
800 288.88531615209126358 -1660.0929443177105895 18.633337569240890019 -1641.459606748469696 1416.3531924868566421 8294.786805844585615 2.700726123365187803
900 281.88512459235857932 -1661.0820707680281885 18.181819526997518466 -1642.9002512410306736 -917.88126535605056233 8316.3866665431869478 2.6937116217085432801
1000 296.20649499080451506 -1661.7432436940478055 19.105559551734131674 -1642.6376841423136739 1022.1173161719967766 8296.8983003853791161 2.7000388100754251219
1100 306.00982457128645819 -1661.0703616891480578 19.737882273459018023 -1641.3324794156890221 -989.46972429042830299 8322.3576022882607504 2.6917789987935467622
1200 310.77223350595437523 -1660.6382822427347037 20.045061518511808174 -1640.5932207242228742 494.94543513932921996 8305.5662680069654016 2.6972209589828497478
1300 295.04080669654928215 -1660.054794191805513 19.030371709801954694 -1641.0244224820035015 -681.01334014496410418 8322.4269317512098496 2.6917565750950398495
1400 310.94969256759873133 -1661.4478140588760198 20.056507772147625701 -1641.3913062867284225 842.16034830209957818 8298.8922883041286696 2.699390067498655732
1500 289.0660303723499851 -1660.4412933009575681 18.64499378325167811 -1641.7962995177058474 -788.68998620232889607 8320.111645385315569 2.6925056260169801803
1600 277.37886808102604164 -1660.8128020384192496 17.891162321336562258 -1642.9216397170825985 949.87394174093606125 8298.2546356876209757 2.6995974934231523612
1700 279.68293487886563753 -1661.390146098256082 18.039776501517398088 -1643.3503695967385738 -34.15529155485066326 8308.1927596270124923 2.6963682791701462094
1800 270.3522327748285079 -1659.4098587981104629 17.437938635964496115 -1641.9719201621460343 686.65685972770995704 8307.6824290989716246 2.696533913696916418
1900 306.87470514089500284 -1660.5831085043014355 19.793667772788825943 -1640.7894407315125136 -48.09054073615334346 8313.6879156865579716 2.6945860418961089522
2000 301.8585180377750703 -1660.2184263192950766 19.470119629712915099 -1640.7483066895822503 -273.35375757363880211 8319.1320496614989679 2.6928226743558996148
2100 302.35931428350147598 -1660.8195725937989664 19.502421394386601605 -1641.3171511994123648 969.27120324755651382 8303.6362503116270091 2.6978478751942720493
2200 294.82774630568019347 -1661.6033832032264854 19.016629141510225764 -1642.5867540617161922 -1460.1137865020971276 8324.167704535777375 2.6911936675762433424
2300 290.78103389033560688 -1661.6163533711819582 18.755612903353434007 -1642.8607404678284638 1962.6053487107974433 8288.0971673530184489 2.7029059821512562145
2400 302.68933676742346961 -1660.4429002864917493 19.523708112694986738 -1640.9191921737967732 -1918.3876953547928679 8336.0742818836006336 2.6873497832156387766
2500 304.7517379288277084 -1659.7948237872353729 19.65673466300745531 -1640.1380891242279176 2608.7827658787746259 8291.4675491467751272 2.701807283391539638
2600 302.42116880897378906 -1660.1651101811453373 19.506411061527398232 -1640.6586991196179497 -2424.0515690881306909 8341.6026032463778392 2.6855687665546410514
2700 303.85751097301408663 -1661.3317741827581813 19.599056297927738512 -1641.7327178848304357 2500.5436215474574055 8285.2487999059685535 2.7038352082490995087
2800 284.86571199093202722 -1661.0752395025654096 18.374069835500581149 -1642.7011696670647325 -2532.7433587975983755 8335.7863684728890803 2.6874426027779043658
2900 299.76120957383648147 -1661.4951676232522004 19.334841530029859058 -1642.1603260932222383 2712.1882058838114062 8276.2839351939219341 2.7067640005712849671
3000 310.78072135151683142 -1661.1031449348563456 20.045608991445732272 -1641.0575359434105849 -3664.5460849475289251 8350.4933471145614021 2.6827094499788026738
3100 293.33628908339790087 -1659.8819549790500787 18.920428939080284891 -1640.96152603996984 3935.5335753549575202 8275.3631598510801268 2.7070651742481945945
3200 301.03605277824561881 -1660.6948607208689737 19.417069952339499395 -1641.2777907685294849 -3109.1969834002961761 8346.1576201154603041 2.6841030847892670685
3300 292.21737178360081089 -1660.5094365287450273 18.848257864285308472 -1641.6611786644596123 3461.9459271228852231 8276.0115404595617292 2.7068530903770815499
3400 287.97592725978017825 -1660.7703911583325862 18.574681246940212276 -1642.1957099113924414 -3318.6943379586023184 8346.112727379799253 2.6841175222566495684
3500 292.29404729746028124 -1661.1743113563579755 18.853203497216981077 -1642.321107859140966 3403.7042085807102012 8270.7426796294257656 2.7085774859692630656
3600 315.87800186483138987 -1661.64151364544432 20.37438772535583098 -1641.2671259200885743 -3884.0755924615573349 8347.9119068464187876 2.683539029193243497
3700 314.24915179509764585 -1660.4124023999711426 20.269325572653507095 -1640.1430768273176 2760.0764800985461989 8283.5899435888914013 2.7043766732595702074
3800 306.47280381546664785 -1660.0205635727388653 19.767744810812143186 -1640.2528187619266191 -3146.8034794009554389 8348.8660372777376324 2.6832323472750099214
3900 299.29637190733279795 -1661.0396660924611751 19.304859122927169324 -1641.73480696953402 2662.5311476108895477 8281.051883221782191 2.7052055379193897799
4000 277.8889899768136047 -1660.8344069608358495 17.9240655980149306 -1642.9103413628208727 -2440.6531939183400937 8334.4673343953872973 2.687867924305023859
4100 290.4522646188046906 -1661.094554614347544 18.734407018262327682 -1642.3601475960851985 2712.2395241631998033 8278.7266185467597097 2.7059653551190430143
4200 292.33648633586511778 -1660.1965616615664203 18.855940849669657666 -1641.3406208118967697 -2324.2112735850009813 8339.2832019385969033 2.686315702659153537
4300 302.75075750811708986 -1660.1162890542073001 19.527669800365170971 -1640.5886192538421255 2470.9911128598346295 8287.7974166445983428 2.7030037400888859977
4400 305.17563992146148166 -1659.9921206868159516 19.684076685891234604 -1640.3080440009246104 -2295.4419551904338732 8341.1465273186968261 2.6857156076708528225
4500 287.38302568507560864 -1660.5216716165436992 18.536438613725209734 -1641.9852330028184042 2585.5321545613369381 8286.3674232773773838 2.7034702023180456898
4600 288.85912732080083742 -1661.5024318740456692 18.631648368348031397 -1642.8707835056975455 -1837.3081311551152339 8327.2255684976953489 2.6902054267674730959
4700 297.11050399067761418 -1661.3347515793134335 19.1638688666021757 -1642.1708827127113182 1933.6569069577462869 8289.799757808306822 2.7023508490887939715
4800 309.16922420775892988 -1660.8764941328629448 19.941666116565585298 -1640.9348280162973879 -2379.9902219870418776 8337.235655357622818 2.6869754365037716859
4900 308.68579257566250362 -1660.4051530282524709 19.91048438357726269 -1640.4946686446751301 2090.7934791419197609 8295.0534874349032179 2.7006392964461469752
5000 311.57895821715158036 -1660.8984811129228092 20.097095917730882775 -1640.8013851951918696 -2024.8067688625499159 8331.9784167525776866 2.6886708406789905368
0 311.57895821715158036 -1660.8984811129228092 20.097095917730882775 -1640.8013851951918696 -2024.8067688625499159 8331.9784167525776866 2.6886708406789905368
100 306.09237035542020067 -1660.5446018782915871 19.743206543592126678 -1640.801395334699464 -2088.7335733794820953 8331.9784167525776866 2.6886708406789905368
200 309.70208282525339882 -1660.7772653123593045 19.976035930264337992 -1640.8012293820950163 -1646.6684641502858994 8331.9784167525776866 2.6886708406789905368
300 299.00972848659500869 -1660.0874344623646266 19.286370389433365347 -1640.8010640729312399 -1502.8251731693624151 8331.9784167525776866 2.6886708406789905368
400 300.51623856603714557 -1660.1848207591820028 19.383541513378379051 -1640.8012792458036984 -1498.7451992012299797 8331.9784167525776866 2.6886708406789905368
500 281.81079316122827549 -1658.9778342112440441 18.177025089306102501 -1640.8008091219378457 -1433.397287787156074 8331.9784167525776866 2.6886708406789905368
600 299.05667061844400223 -1660.0905189491816145 19.289398195071299824 -1640.8011207541103431 -1706.7821614058295836 8331.9784167525776866 2.6886708406789905368
700 316.10390477066636095 -1661.1904872590173454 20.38895864629554211 -1640.8015286127217678 -1965.3163652922528399 8331.9784167525776866 2.6886708406789905368
800 297.22107507522031256 -1659.9723996301856914 19.17100079137815527 -1640.8013988388074722 -1682.9792505761092798 8331.9784167525776866 2.6886708406789905368
900 295.7819052857622637 -1659.8792144021499553 19.078173170841335349 -1640.8010412313085453 -1305.8071948956830965 8331.9784167525776866 2.6886708406789905368
1000 309.22329055215362814 -1660.7467155069325599 19.945153439700106901 -1640.801562067232453 -1810.4162834507073967 8331.9784167525776866 2.6886708406789905368
1100 303.9140721875284612 -1660.4042286991077617 19.602704542211700556 -1640.8015241568959937 -1483.2839177391001613 8331.9784167525776866 2.6886708406789905368
1200 302.86119045681994066 -1660.3358591275743947 19.534792815267262966 -1640.8010663123070572 -1964.1700259057627136 8331.9784167525776866 2.6886708406789905368
1300 293.59405009201168468 -1659.7377940392607343 18.937054733529318895 -1640.8007393057314403 -1661.9550270624140467 8331.9784167525776866 2.6886708406789905368
1400 295.15707485390549891 -1659.8385434875085593 19.037871100402448121 -1640.8006723871060331 -1397.9517872150249787 8331.9784167525776866 2.6886708406789905368
1500 291.91412275811978816 -1659.6291577084789424 18.828698055795921817 -1640.8004596526830028 -1539.1464168357854305 8331.9784167525776866 2.6886708406789905368
1600 295.8863396950363267 -1659.8855989999644862 19.084909275077329482 -1640.8006897248872065 -1768.3955970840736427 8331.9784167525776866 2.6886708406789905368
1700 305.07528787083634825 -1660.4784429213736985 19.677603897104425812 -1640.8008390242691803 -1562.7366175405088597 8331.9784167525776866 2.6886708406789905368
1800 299.2622487266690996 -1660.1034909609868464 19.302658150054224251 -1640.8008328109326612 -1677.582093584328959 8331.9784167525776866 2.6886708406789905368
1900 299.40600366673584176 -1660.1126999226901262 19.311930460468573756 -1640.800769462221524 -2036.8314549257800081 8331.9784167525776866 2.6886708406789905368
2000 316.74277635568074629 -1661.2311397484288591 20.430166382519495016 -1640.8009733659093854 -2057.5111818279942781 8331.9784167525776866 2.6886708406789905368
2100 317.71008522451734279 -1661.2934178973164308 20.492558590357653259 -1640.8008593069587278 -2180.8152735807548197 8331.9784167525776866 2.6886708406789905368
2200 310.12135959441661726 -1660.804355945059342 20.003079622476946042 -1640.8012763225824528 -1734.4909988252434232 8331.9784167525776866 2.6886708406789905368
2300 305.8934792102368192 -1660.5310908644999017 19.730377903157581443 -1640.8007129613422421 -1592.8523030513874801 8331.9784167525776866 2.6886708406789905368
2400 304.74513585193989229 -1660.4571930927495487 19.656308823684959464 -1640.8008842690646816 -1328.44734424948183 8331.9784167525776866 2.6886708406789905368
2500 313.98952665860781508 -1661.0538634500978787 20.252579540442134487 -1640.8012839096556945 -1737.9517844965002951 8331.9784167525776866 2.6886708406789905368
2600 301.26517609479105886 -1660.232952954951088 19.43184859238615303 -1640.8011043625649563 -1766.9193993860098999 8331.9784167525776866 2.6886708406789905368
2700 297.49792051871077092 -1659.9897787593256453 19.188857547380070656 -1640.8009212119454787 -1495.2884433481283395 8331.9784167525776866 2.6886708406789905368
2800 291.84646634292482759 -1659.6248757303785624 18.824334162054817909 -1640.8005415683237516 -953.09358070200096336 8331.9784167525776866 2.6886708406789905368
2900 304.19168659700113722 -1660.4215745624230749 19.620610897144139528 -1640.800963665278914 -1693.942266891750478 8331.9784167525776866 2.6886708406789905368
3000 318.21239906670211894 -1661.3263046435031356 20.524958241235733425 -1640.801346402267427 -1939.084308257444718 8331.9784167525776866 2.6886708406789905368
3100 315.55652517963073933 -1661.1551091698186156 20.353652218007198371 -1640.8014569518113603 -1789.388508510296333 8331.9784167525776866 2.6886708406789905368
3200 315.58243080381055279 -1661.1569323926410107 20.355323151811358429 -1640.8016092408297482 -1963.5269426225679581 8331.9784167525776866 2.6886708406789905368
3300 316.66715265031518811 -1661.2267440733803596 20.425288592090122819 -1640.8014554812903043 -1939.3084946454184774 8331.9784167525776866 2.6886708406789905368
3400 297.24955546036551368 -1659.9740749119778229 19.172837799356202027 -1640.8012371126217204 -1349.3150261452647101 8331.9784167525776866 2.6886708406789905368
3500 304.99418382622747004 -1660.4738300381263798 19.672372620341874949 -1640.8014574177846043 -1987.9267238369366169 8331.9784167525776866 2.6886708406789905368
3600 304.36543397878159567 -1660.4331173826835766 19.63181774441353511 -1640.8012996382699384 -1560.144972258718326 8331.9784167525776866 2.6886708406789905368
3700 316.15714556170024707 -1661.1942416371543914 20.392392720567649178 -1640.8018489165867777 -1888.1150981428809246 8331.9784167525776866 2.6886708406789905368
3800 310.22852293056769213 -1660.8117568398422463 20.00999174471336417 -1640.8017650951289852 -1853.0773734604656511 8331.9784167525776866 2.6886708406789905368
3900 282.64704047922259633 -1659.0318481813649214 18.230963720646428783 -1640.8008844607184074 -1174.4084732196411096 8331.9784167525776866 2.6886708406789905368
4000 308.83389914456472525 -1660.7214470627582159 19.920037377586567118 -1640.8014096851716204 -1650.550838814899862 8331.9784167525776866 2.6886708406789905368
4100 303.18019454486523045 -1660.3564603299632836 19.555368838090750216 -1640.8010914918725121 -1512.1100891753428641 8331.9784167525776866 2.6886708406789905368
4200 301.24717216496622996 -1660.2320350502409383 19.430687324286868289 -1640.8013477259539741 -1722.9464131555691893 8331.9784167525776866 2.6886708406789905368
4300 302.71237834587537918 -1660.3263186873041377 19.525194313223074971 -1640.8011243740811551 -1419.3444181425029456 8331.9784167525776866 2.6886708406789905368
4400 298.48132402639333804 -1660.0534315563686505 19.252287872498349941 -1640.8011436838703503 -1147.9359738567136446 8331.9784167525776866 2.6886708406789905368
4500 300.35236081727498458 -1660.174362157734322 19.372971265456310874 -1640.8013908922780502 -1847.0555381144085914 8331.9784167525776866 2.6886708406789905368
4600 306.82954339578850522 -1660.5921875712269866 19.790754803542085938 -1640.8014327676849007 -1913.5924970520009083 8331.9784167525776866 2.6886708406789905368
4700 304.7154931270634961 -1660.4556563953312889 19.654396843850015841 -1640.8012595514812801 -1746.5123682417704458 8331.9784167525776866 2.6886708406789905368
4800 314.74199847956629128 -1661.1028061307451935 20.301114584168203692 -1640.8016915465768761 -2025.0296221344244714 8331.9784167525776866 2.6886708406789905368
4900 300.09374977359624381 -1660.1577190654879814 19.356290643055057643 -1640.8014284224329913 -1848.8093825790022038 8331.9784167525776866 2.6886708406789905368
5000 298.19422275979462711 -1660.0348378488511116 19.233769607574586757 -1640.8010682412764254 -1537.4012157588485934 8331.9784167525776866 2.6886708406789905368
5100 299.37568205143747946 -1660.1114515118367763 19.30997469164991287 -1640.8014768201869629 -1762.6572244874639637 8331.9784167525776866 2.6886708406789905368
5200 291.15656916275480626 -1659.5810311348789128 18.779835233492427449 -1640.8011959013865635 -1620.4138059036374671 8331.9784167525776866 2.6886708406789905368
5300 292.66033682468309962 -1659.6783546583637872 18.876829469279982732 -1640.8015251890838044 -1376.0506865862016639 8331.9784167525776866 2.6886708406789905368
5400 314.40439528640956723 -1661.0811938107531205 20.279338903955952844 -1640.801854906797189 -1998.5879279631467398 8331.9784167525776866 2.6886708406789905368
5500 296.15087752729772319 -1659.9034489838290938 19.101972180156817416 -1640.8014768036723581 -1590.2429064976895461 8331.9784167525776866 2.6886708406789905368
5600 293.62932375880313884 -1659.7405789406639087 18.939329913692105833 -1640.8012490269718455 -1713.9376360590051718 8331.9784167525776866 2.6886708406789905368
5700 298.37950529910091291 -1660.0473614036186518 19.245720481875036256 -1640.8016409217436831 -1457.8012861724164395 8331.9784167525776866 2.6886708406789905368
5800 293.59356737247753699 -1659.7386095927740826 18.937023597727225876 -1640.8015859950469348 -1333.5553157552644734 8331.9784167525776866 2.6886708406789905368
5900 299.28563757079086827 -1660.1059952151927064 19.304166749500122791 -1640.8018284656925516 -1822.0336342174614401 8331.9784167525776866 2.6886708406789905368
6000 312.16506280941888463 -1660.9365198594834965 20.1349001400571197 -1640.8016197194262986 -2079.104421753054794 8331.9784167525776866 2.6886708406789905368
6100 296.55949983319317198 -1659.9299469630016119 19.128328650833449132 -1640.8016183121681024 -1507.2612294615485098 8331.9784167525776866 2.6886708406789905368
6200 296.93698814936834651 -1659.9540408860375464 19.152676953881268673 -1640.8013639321561641 -1526.7808168431058675 8331.9784167525776866 2.6886708406789905368
6300 314.74531818094379787 -1661.1033387325737749 20.301328707603829571 -1640.802010024970059 -2148.4849049228005242 8331.9784167525776866 2.6886708406789905368
6400 305.59419126540541356 -1660.5129478950091197 19.711073587587897293 -1640.801874307421258 -1762.9985684277362452 8331.9784167525776866 2.6886708406789905368
6500 306.37779130340607026 -1660.563039281201327 19.761616426600348007 -1640.8014228546010145 -1848.8513517343028525 8331.9784167525776866 2.6886708406789905368
6600 307.71204161143816691 -1660.6491207558128735 19.847676655353325259 -1640.8014441004595483 -1825.1247597437509285 8331.9784167525776866 2.6886708406789905368
6700 308.27818974662062601 -1660.6855974513655383 19.884193669985865682 -1640.8014037813795767 -1746.1840822044141532 8331.9784167525776866 2.6886708406789905368
6800 309.16810173463602496 -1660.7427819329666363 19.941593716137308689 -1640.8011882168293596 -1893.6261581576959543 8331.9784167525776866 2.6886708406789905368
6900 286.91685805744651816 -1659.3072475142537314 18.506370423049528284 -1640.8008770912042564 -1254.5715190280636762 8331.9784167525776866 2.6886708406789905368
7000 294.32625734128055228 -1659.7853776529102561 18.984282695919379336 -1640.8010949569909371 -1556.128872159202956 8331.9784167525776866 2.6886708406789905368
7100 307.95425502043451615 -1660.6646482224975898 19.863299616996865637 -1640.8013486055008343 -1485.4576725314109353 8331.9784167525776866 2.6886708406789905368
7200 296.07554685818581675 -1659.898312875861393 19.097113290803854113 -1640.8011995850574749 -1532.891874362209137 8331.9784167525776866 2.6886708406789905368
7300 296.08665213370505853 -1659.8989255927358499 19.097829590096271346 -1640.8010960026394969 -1343.4281732265599203 8331.9784167525776866 2.6886708406789905368
7400 297.9585631691795129 -1660.0195632384941291 19.218569372540663664 -1640.8009938659533873 -1500.3876753479794388 8331.9784167525776866 2.6886708406789905368
7500 308.65095133070076372 -1660.7092447253000955 19.908237094973770809 -1640.8010076303262395 -1893.985272456904795 8331.9784167525776866 2.6886708406789905368
7600 308.33460158177661015 -1660.6888057061767086 19.887832279179860961 -1640.8009734269967339 -1785.9901958684906731 8331.9784167525776866 2.6886708406789905368
7700 305.3565704543711945 -1660.4968446497464356 19.695746852243736669 -1640.8010977975027345 -1753.8745423081757053 8331.9784167525776866 2.6886708406789905368
7800 302.6517547028342392 -1660.3224432796816927 19.521284038999002775 -1640.8011592406826367 -1696.082118709749011 8331.9784167525776866 2.6886708406789905368
7900 307.74598013230212246 -1660.6508579027465657 19.849865717519179498 -1640.8009921852274147 -1883.4030658386166124 8331.9784167525776866 2.6886708406789905368
8000 288.48602451461675855 -1659.4080570476476169 18.607582934257226981 -1640.8004741133904645 -1225.9532447365641019 8331.9784167525776866 2.6886708406789905368
8100 291.06180472623344713 -1659.5743664267956774 18.773722850354438663 -1640.800643576441189 -1361.6829188904034709 8331.9784167525776866 2.6886708406789905368
8200 286.7988806682802192 -1659.2992229357737415 18.498760785608780566 -1640.8004621501650035 -837.06717007293843835 8331.9784167525776866 2.6886708406789905368
8300 296.38810701512880996 -1659.9180966412980069 19.117273674836482655 -1640.8008229664615101 -1271.0809738019206634 8331.9784167525776866 2.6886708406789905368
8400 300.35704909665264495 -1660.1742485831152862 19.373273663284717117 -1640.8009749198306508 -1350.5140766444715155 8331.9784167525776866 2.6886708406789905368
8500 315.41360234858393596 -1661.1459774402940184 20.344433579300602588 -1640.8015438609934336 -1677.6406487156414187 8331.9784167525776866 2.6886708406789905368
8600 291.72303122468036918 -1659.6168119575927449 18.816372496654917512 -1640.8004394609379233 -1088.7077034188621383 8331.9784167525776866 2.6886708406789905368
8700 304.17843327038957568 -1660.4206920540623287 19.619756046811289707 -1640.800936007251039 -1264.0448555460800435 8331.9784167525776866 2.6886708406789905368
8800 317.70964462965338271 -1661.2937585574413788 20.492530171631006652 -1640.8012283858104183 -1664.8048839135844901 8331.9784167525776866 2.6886708406789905368
8900 312.18530023142875507 -1660.9370400943205368 20.136205470216726354 -1640.8008346241037998 -1197.2777381500177398 8331.9784167525776866 2.6886708406789905368
9000 290.05425855328189755 -1659.5090867907601933 18.708735303713890374 -1640.8003514870463277 -1216.3479118265552188 8331.9784167525776866 2.6886708406789905368
9100 319.76160249451527307 -1661.4258890313733446 20.624883120832830485 -1640.8010059105404252 -1924.5149505147269338 8331.9784167525776866 2.6886708406789905368
9200 309.49334147027821018 -1660.7635014141956162 19.962571943296357091 -1640.8009294708992911 -1778.8933289186884394 8331.9784167525776866 2.6886708406789905368
9300 295.06964939704880635 -1659.8328239571126232 19.032232087414687527 -1640.8005918696978824 -1598.398860553978011 8331.9784167525776866 2.6886708406789905368
9400 301.85882002677954006 -1660.2706320005720499 19.470139108249025384 -1640.8004928923230636 -1576.3587911553506729 8331.9784167525776866 2.6886708406789905368
9500 301.15234760036946682 -1660.2250430497410889 19.424571062839167013 -1640.8004719869018118 -1372.0357333181066224 8331.9784167525776866 2.6886708406789905368
9600 311.22452478716445512 -1660.8752170075313188 20.074234673570941823 -1640.8009823339602917 -1664.6792977763573163 8331.9784167525776866 2.6886708406789905368
9700 289.14858264864170678 -1659.4505038659681304 18.650318472134248537 -1640.8001853938337717 -1137.5352808336265298 8331.9784167525776866 2.6886708406789905368
9800 303.46545635211225544 -1660.3742614804205004 19.573768456392038217 -1640.8004930240283556 -1431.9445057735163118 8331.9784167525776866 2.6886708406789905368
9900 307.14764326028756614 -1660.6122152688012648 19.811272503212290275 -1640.8009427655890704 -1384.7048723798470746 8331.9784167525776866 2.6886708406789905368
10000 298.87085821067779534 -1660.0778992357429615 19.277413143824741582 -1640.8004860919181738 -1286.662621334799951 8331.9784167525776866 2.6886708406789905368
