Time[ps]      Etot[eV]     Epot[eV]     Ekin[eV]    T[K]
0.0000         -20.3517     -20.9571       0.6054  2341.8
0.0010         -20.3517     -20.9560       0.6043  2337.7
0.0020         -20.3517     -20.9528       0.6011  2325.3
0.0030         -20.3517     -20.9475       0.5958  2304.7
0.0040         -20.3517     -20.9401       0.5884  2276.0
0.0050         -20.3517     -20.9306       0.5789  2239.3
0.0060         -20.3516     -20.9190       0.5674  2194.7
0.0070         -20.3516     -20.9055       0.5538  2142.3
0.0080         -20.3516     -20.8899       0.5383  2082.2
0.0090         -20.3516     -20.8725       0.5209  2014.8
0.0100         -20.3516     -20.8532       0.5016  1940.2
0.0110         -20.3516     -20.8321       0.4805  1858.7
0.0120         -20.3516     -20.8094       0.4577  1770.6
0.0130         -20.3516     -20.7850       0.4334  1676.5
0.0140         -20.3516     -20.7592       0.4076  1576.7
0.0150         -20.3516     -20.7321       0.3805  1472.0
0.0160         -20.3516     -20.7040       0.3524  1363.1
0.0170         -20.3516     -20.6749       0.3234  1250.8
0.0180         -20.3516     -20.6453       0.2938  1136.3
0.0190         -20.3515     -20.6154       0.2638  1020.6
0.0200         -20.3515     -20.5854       0.2339   904.9
0.0210         -20.3515     -20.5559       0.2044   790.5
0.0220         -20.3514     -20.5269       0.1756   679.1
0.0230         -20.3508     -20.4988       0.1480   572.6
0.0240         -20.3494     -20.4722       0.1229   475.3
0.0250         -20.3478     -20.4491       0.1013   391.8
0.0260         -20.3467     -20.4305       0.0838   324.3
0.0270         -20.3461     -20.4165       0.0703   272.1
0.0280         -20.3461     -20.4063       0.0602   232.9
0.0290         -20.3465     -20.3993       0.0529   204.5
0.0300         -20.3472     -20.3950       0.0478   185.0
0.0310         -20.3482     -20.3927       0.0445   172.3
0.0320         -20.3493     -20.3919       0.0426   164.9
0.0330         -20.3503     -20.3919       0.0416   161.0
0.0340         -20.3510     -20.3920       0.0410   158.6
0.0350         -20.3513     -20.3917       0.0405   156.5
0.0360         -20.3514     -20.3912       0.0398   153.9
0.0370         -20.3515     -20.3904       0.0389   150.5
0.0380         -20.3515     -20.3893       0.0378   146.4
0.0390         -20.3515     -20.3880       0.0365   141.4
0.0400         -20.3515     -20.3865       0.0351   135.6
0.0410         -20.3515     -20.3849       0.0334   129.1
0.0420         -20.3515     -20.3830       0.0315   122.0
0.0430         -20.3515     -20.3810       0.0296   114.3
0.0440         -20.3515     -20.3789       0.0274   106.2
0.0450         -20.3515     -20.3767       0.0252    97.6
0.0460         -20.3515     -20.3744       0.0230    88.8
0.0470         -20.3515     -20.3721       0.0206    79.8
0.0480         -20.3514     -20.3698       0.0183    70.8
0.0490         -20.3514     -20.3675       0.0160    61.9
0.0500         -20.3514     -20.3652       0.0138    53.2
0.0510         -20.3514     -20.3630       0.0116    44.8
0.0520         -20.3514     -20.3610       0.0095    36.8
0.0530         -20.3514     -20.3590       0.0076    29.4
0.0540         -20.3514     -20.3573       0.0059    22.6
0.0550         -20.3514     -20.3557       0.0043    16.6
0.0560         -20.3514     -20.3544       0.0030    11.4
0.0570         -20.3514     -20.3533       0.0018     7.1
0.0580         -20.3514     -20.3524       0.0010     3.8
0.0590         -20.3514     -20.3518       0.0004     1.5
0.0600         -20.3514     -20.3515       0.0001     0.2
0.0610         -20.3514     -20.3514       0.0000     0.1
0.0620         -20.3514     -20.3517       0.0002     0.9
0.0630         -20.3514     -20.3522       0.0007     2.9
0.0640         -20.3514     -20.3529       0.0015     5.9
0.0650         -20.3514     -20.3540       0.0025     9.8
0.0660         -20.3514     -20.3552       0.0038    14.7
0.0670         -20.3514     -20.3567       0.0053    20.5
0.0680         -20.3514     -20.3584       0.0070    27.0
0.0690         -20.3514     -20.3603       0.0088    34.2
0.0700         -20.3514     -20.3623       0.0109    42.0
0.0710         -20.3514     -20.3644       0.0130    50.3
0.0720         -20.3514     -20.3667       0.0152    58.9
0.0730         -20.3514     -20.3690       0.0175    67.8
0.0740         -20.3514     -20.3713       0.0199    76.8
0.0750         -20.3514     -20.3736       0.0222    85.8
0.0760         -20.3514     -20.3759       0.0245    94.7
0.0770         -20.3514     -20.3782       0.0267   103.4
0.0780         -20.3514     -20.3803       0.0289   111.7
0.0790         -20.3514     -20.3823       0.0309   119.6
0.0800         -20.3514     -20.3842       0.0328   126.9
0.0810         -20.3514     -20.3860       0.0346   133.7
0.0820         -20.3514     -20.3875       0.0361   139.7
0.0830         -20.3514     -20.3889       0.0375   145.0
0.0840         -20.3514     -20.3900       0.0386   149.5
0.0850         -20.3514     -20.3909       0.0396   153.1
0.0860         -20.3513     -20.3916       0.0403   156.0
0.0870         -20.3510     -20.3919       0.0409   158.2
0.0880         -20.3505     -20.3919       0.0415   160.4
0.0890         -20.3495     -20.3919       0.0423   163.7
0.0900         -20.3484     -20.3923       0.0439   169.8
0.0910         -20.3474     -20.3940       0.0467   180.5
0.0920         -20.3465     -20.3976       0.0511   197.7
0.0930         -20.3460     -20.4037       0.0576   223.0
0.0940         -20.3459     -20.4127       0.0668   258.4
0.0950         -20.3463     -20.4255       0.0792   306.2
0.0960         -20.3472     -20.4425       0.0953   368.7
0.0970         -20.3486     -20.4642       0.1156   447.1
0.0980         -20.3502     -20.4900       0.1397   540.6
0.0990         -20.3510     -20.5177       0.1667   644.8
0.1000         -20.3512     -20.5464       0.1952   755.1
0.1010         -20.3512     -20.5759       0.2246   868.9
0.1020         -20.3512     -20.6057       0.2545   984.5
0.1030         -20.3512     -20.6357       0.2845  1100.6
0.1040         -20.3512     -20.6655       0.3143  1215.9
0.1050         -20.3511     -20.6948       0.3436  1329.3
0.1060         -20.3511     -20.7233       0.3722  1439.6
0.1070         -20.3510     -20.7507       0.3997  1546.1
0.1080         -20.3510     -20.7770       0.4260  1647.8
0.1090         -20.3509     -20.8018       0.4509  1744.2
0.1100         -20.3509     -20.8251       0.4743  1834.6
0.1110         -20.3508     -20.8468       0.4960  1918.6
0.1120         -20.3507     -20.8666       0.5159  1995.8
0.1130         -20.3506     -20.8847       0.5341  2065.9
0.1140         -20.3505     -20.9008       0.5503  2128.6
0.1150         -20.3505     -20.9150       0.5646  2183.8
0.1160         -20.3504     -20.9272       0.5768  2231.3
0.1170         -20.3503     -20.9373       0.5871  2270.9
0.1180         -20.3502     -20.9454       0.5952  2302.5
0.1190         -20.3501     -20.9514       0.6013  2325.9
0.1200         -20.3500     -20.9552       0.6052  2341.2
0.1210         -20.3499     -20.9570       0.6071  2348.2
0.1220         -20.3498     -20.9565       0.6067  2347.0
0.1230         -20.3497     -20.9540       0.6043  2337.4
0.1240         -20.3496     -20.9493       0.5997  2319.6
0.1250         -20.3495     -20.9425       0.5930  2293.7
0.1260         -20.3494     -20.9336       0.5842  2259.6
0.1270         -20.3493     -20.9226       0.5733  2217.6
0.1280         -20.3492     -20.9096       0.5604  2167.6
0.1290         -20.3492     -20.8946       0.5455  2110.0
0.1300         -20.3491     -20.8777       0.5286  2044.9
0.1310         -20.3490     -20.8589       0.5099  1972.4
0.1320         -20.3489     -20.8383       0.4894  1892.9
0.1330         -20.3488     -20.8159       0.4671  1806.7
0.1340         -20.3487     -20.7919       0.4431  1714.1
0.1350         -20.3487     -20.7664       0.4177  1615.8
0.1360         -20.3486     -20.7395       0.3909  1512.2
0.1370         -20.3485     -20.7115       0.3630  1404.1
0.1380         -20.3485     -20.6826       0.3341  1292.4
0.1390         -20.3484     -20.6529       0.3045  1177.9
0.1400         -20.3483     -20.6229       0.2745  1061.9
0.1410         -20.3483     -20.5927       0.2444   945.5
0.1420         -20.3482     -20.5628       0.2146   830.1
0.1430         -20.3481     -20.5334       0.1853   717.0
0.1440         -20.3476     -20.5049       0.1572   608.2
0.1450         -20.3463     -20.4775       0.1312   507.4
0.1460         -20.3446     -20.4531       0.1085   419.7
0.1470         -20.3434     -20.4334       0.0900   348.1
0.1480         -20.3427     -20.4183       0.0756   292.4
0.1490         -20.3426     -20.4074       0.0648   250.5
0.1500         -20.3430     -20.3999       0.0569   220.2
0.1510         -20.3437     -20.3952       0.0515   199.4
0.1520         -20.3447     -20.3927       0.0481   186.0
0.1530         -20.3458     -20.3919       0.0461   178.3
0.1540         -20.3469     -20.3919       0.0450   174.3
0.1550         -20.3475     -20.3920       0.0444   171.9
0.1560         -20.3478     -20.3917       0.0439   169.7
0.1570         -20.3479     -20.3911       0.0431   166.9
0.1580         -20.3480     -20.3902       0.0422   163.2
0.1590         -20.3480     -20.3890       0.0410   158.7
0.1600         -20.3480     -20.3876       0.0396   153.2
0.1610         -20.3479     -20.3859       0.0380   147.0
0.1620         -20.3479     -20.3841       0.0362   139.9
0.1630         -20.3479     -20.3821       0.0342   132.1
0.1640         -20.3479     -20.3799       0.0320   123.8
0.1650         -20.3479     -20.3776       0.0297   114.9
0.1660         -20.3479     -20.3752       0.0273   105.6
0.1670         -20.3479     -20.3727       0.0248    96.0
0.1680         -20.3479     -20.3702       0.0223    86.2
0.1690         -20.3479     -20.3676       0.0198    76.4
0.1700         -20.3479     -20.3651       0.0172    66.7
0.1710         -20.3479     -20.3627       0.0148    57.2
0.1720         -20.3479     -20.3603       0.0124    48.1
0.1730         -20.3479     -20.3581       0.0102    39.5
0.1740         -20.3479     -20.3560       0.0081    31.4
0.1750         -20.3479     -20.3541       0.0062    24.1
0.1760         -20.3479     -20.3524       0.0045    17.6
0.1770         -20.3479     -20.3510       0.0031    12.0
0.1780         -20.3479     -20.3498       0.0019     7.4
0.1790         -20.3479     -20.3489       0.0010     3.9
0.1800         -20.3479     -20.3482       0.0004     1.5
0.1810         -20.3479     -20.3479       0.0001     0.2
0.1820         -20.3479     -20.3479       0.0000     0.1
0.1830         -20.3479     -20.3482       0.0003     1.2
0.1840         -20.3479     -20.3487       0.0009     3.4
0.1850         -20.3479     -20.3496       0.0017     6.8
0.1860         -20.3479     -20.3507       0.0029    11.2
0.1870         -20.3479     -20.3522       0.0043    16.6
0.1880         -20.3479     -20.3538       0.0060    23.0
0.1890         -20.3479     -20.3557       0.0078    30.2
0.1900         -20.3479     -20.3577       0.0099    38.2
0.1910         -20.3479     -20.3599       0.0121    46.8
0.1920         -20.3478     -20.3623       0.0144    55.9
0.1930         -20.3478     -20.3647       0.0169    65.3
0.1940         -20.3478     -20.3672       0.0194    75.1
0.1950         -20.3478     -20.3698       0.0219    84.9
0.1960         -20.3478     -20.3723       0.0245    94.7
0.1970         -20.3478     -20.3748       0.0270   104.4
0.1980         -20.3478     -20.3773       0.0294   113.8
0.1990         -20.3478     -20.3796       0.0318   122.9
0.2000         -20.3478     -20.3818       0.0340   131.4
0.2010         -20.3478     -20.3838       0.0360   139.3
0.2020         -20.3478     -20.3857       0.0379   146.6
0.2030         -20.3478     -20.3874       0.0396   153.1
0.2040         -20.3478     -20.3888       0.0410   158.7
0.2050         -20.3477     -20.3900       0.0423   163.5
0.2060         -20.3477     -20.3910       0.0433   167.3
0.2070         -20.3476     -20.3916       0.0440   170.3
0.2080         -20.3473     -20.3919       0.0446   172.7
0.2090         -20.3467     -20.3919       0.0452   175.0
0.2100         -20.3456     -20.3919       0.0462   178.9
0.2110         -20.3445     -20.3926       0.0481   186.1
0.2120         -20.3434     -20.3948       0.0514   198.9
0.2130         -20.3426     -20.3992       0.0566   219.0
0.2140         -20.3422     -20.4064       0.0642   248.3
0.2150         -20.3423     -20.4170       0.0747   289.1
0.2160         -20.3428     -20.4316       0.0888   343.6
0.2170         -20.3440     -20.4509       0.1070   413.8
0.2180         -20.3456     -20.4749       0.1294   500.4
0.2190         -20.3469     -20.5022       0.1553   600.6
0.2200         -20.3473     -20.5307       0.1834   709.4
0.2210         -20.3474     -20.5601       0.2127   822.8
0.2220         -20.3473     -20.5900       0.2427   938.7
0.2230         -20.3473     -20.6202       0.2729  1055.8
0.2240         -20.3472     -20.6503       0.3031  1172.6
0.2250         -20.3471     -20.6801       0.3330  1288.0
0.2260         -20.3470     -20.7092       0.3622  1400.9
0.2270         -20.3469     -20.7373       0.3904  1510.2
0.2280         -20.3468     -20.7643       0.4175  1615.1
0.2290         -20.3467     -20.7900       0.4433  1714.9
0.2300         -20.3465     -20.8142       0.4677  1809.0
0.2310         -20.3464     -20.8367       0.4904  1896.8
0.2320         -20.3462     -20.8576       0.5113  1977.9
0.2330         -20.3461     -20.8765       0.5305  2052.0
0.2340         -20.3459     -20.8936       0.5477  2118.8
0.2350         -20.3457     -20.9088       0.5631  2178.0
0.2360         -20.3455     -20.9219       0.5764  2229.6
0.2370         -20.3454     -20.9331       0.5877  2273.3
0.2380         -20.3452     -20.9421       0.5969  2309.0
0.2390         -20.3450     -20.9490       0.6040  2336.5
0.2400         -20.3448     -20.9538       0.6090  2355.8
0.2410         -20.3446     -20.9565       0.6119  2366.8
0.2420         -20.3444     -20.9570       0.6126  2369.5
0.2430         -20.3442     -20.9553       0.6111  2363.8
0.2440         -20.3440     -20.9515       0.6075  2349.8
0.2450         -20.3438     -20.9455       0.6017  2327.5
0.2460         -20.3437     -20.9374       0.5938  2296.9
0.2470         -20.3435     -20.9273       0.5838  2258.2
0.2480         -20.3433     -20.9150       0.5717  2211.6
0.2490         -20.3431     -20.9007       0.5576  2157.0
0.2500         -20.3429     -20.8845       0.5415  2094.7
0.2510         -20.3428     -20.8663       0.5235  2025.0
0.2520         -20.3426     -20.8462       0.5036  1947.9
0.2530         -20.3424     -20.8243       0.4819  1863.9
0.2540         -20.3423     -20.8007       0.4584  1773.3
0.2550         -20.3421     -20.7755       0.4334  1676.5
0.2560         -20.3420     -20.7489       0.4069  1574.1
0.2570         -20.3419     -20.7211       0.3792  1466.8
0.2580         -20.3417     -20.6921       0.3504  1355.3
0.2590         -20.3416     -20.6624       0.3207  1240.7
0.2600         -20.3415     -20.6321       0.2906  1123.9
0.2610         -20.3414     -20.6015       0.2601  1006.2
0.2620         -20.3413     -20.5711       0.2298   888.8
0.2630         -20.3412     -20.5410       0.1999   773.2
0.2640         -20.3408     -20.5117       0.1709   661.0
0.2650         -20.3397     -20.4833       0.1437   555.7
0.2660         -20.3379     -20.4575       0.1196   462.5
0.2670         -20.3365     -20.4362       0.0997   385.6
0.2680         -20.3357     -20.4198       0.0842   325.5
0.2690         -20.3355     -20.4080       0.0725   280.5
0.2700         -20.3358     -20.3999       0.0641   248.0
0.2710         -20.3366     -20.3950       0.0584   226.0
0.2720         -20.3377     -20.3926       0.0549   212.4
0.2730         -20.3389     -20.3919       0.0530   204.9
0.2740         -20.3399     -20.3919       0.0520   201.2
0.2750         -20.3405     -20.3919       0.0514   198.8
0.2760         -20.3407     -20.3915       0.0507   196.2
0.2770         -20.3408     -20.3906       0.0499   192.8
0.2780         -20.3408     -20.3895       0.0487   188.4
0.2790         -20.3408     -20.3881       0.0473   182.9
0.2800         -20.3408     -20.3863       0.0456   176.3
0.2810         -20.3407     -20.3844       0.0436   168.8
0.2820         -20.3407     -20.3822       0.0415   160.4
0.2830         -20.3407     -20.3798       0.0391   151.2
0.2840         -20.3407     -20.3772       0.0365   141.2
0.2850         -20.3407     -20.3745       0.0338   130.7
0.2860         -20.3407     -20.3716       0.0310   119.8
0.2870         -20.3407     -20.3687       0.0281   108.6
0.2880         -20.3406     -20.3658       0.0251    97.2
0.2890         -20.3406     -20.3628       0.0222    85.7
0.2900         -20.3406     -20.3599       0.0193    74.5
0.2910         -20.3406     -20.3570       0.0164    63.5
0.2920         -20.3406     -20.3543       0.0137    53.0
0.2930         -20.3406     -20.3517       0.0111    43.1
0.2940         -20.3406     -20.3494       0.0088    33.9
0.2950         -20.3406     -20.3472       0.0066    25.6
0.2960         -20.3406     -20.3453       0.0047    18.3
0.2970         -20.3406     -20.3437       0.0031    12.1
0.2980         -20.3406     -20.3424       0.0019     7.2
0.2990         -20.3406     -20.3415       0.0009     3.5
0.3000         -20.3406     -20.3409       0.0003     1.1
0.3010         -20.3406     -20.3406       0.0000     0.0
0.3020         -20.3406     -20.3407       0.0001     0.4
0.3030         -20.3406     -20.3411       0.0005     2.1
0.3040         -20.3406     -20.3419       0.0013     5.2
0.3050         -20.3406     -20.3431       0.0025     9.6
0.3060         -20.3406     -20.3445       0.0039    15.2
0.3070         -20.3406     -20.3463       0.0057    22.0
0.3080         -20.3406     -20.3483       0.0077    29.9
0.3090         -20.3406     -20.3506       0.0100    38.7
0.3100         -20.3406     -20.3531       0.0125    48.3
0.3110         -20.3406     -20.3557       0.0151    58.6
0.3120         -20.3406     -20.3585       0.0179    69.4
0.3130         -20.3406     -20.3614       0.0208    80.6
0.3140         -20.3406     -20.3644       0.0238    92.1
0.3150         -20.3405     -20.3673       0.0268   103.6
0.3160         -20.3405     -20.3703       0.0297   115.1
0.3170         -20.3405     -20.3732       0.0326   126.3
0.3180         -20.3405     -20.3760       0.0355   137.1
0.3190         -20.3405     -20.3786       0.0381   147.5
0.3200         -20.3405     -20.3811       0.0406   157.2
0.3210         -20.3405     -20.3834       0.0429   166.1
0.3220         -20.3404     -20.3855       0.0450   174.2
0.3230         -20.3404     -20.3873       0.0469   181.4
0.3240         -20.3404     -20.3889       0.0485   187.5
0.3250         -20.3404     -20.3902       0.0498   192.6
0.3260         -20.3403     -20.3911       0.0508   196.7
0.3270         -20.3401     -20.3918       0.0516   199.7
0.3280         -20.3397     -20.3920       0.0523   202.2
0.3290         -20.3388     -20.3919       0.0531   205.3
0.3300         -20.3375     -20.3921       0.0546   211.1
0.3310         -20.3363     -20.3937       0.0574   222.2
0.3320         -20.3354     -20.3976       0.0623   240.8
0.3330         -20.3348     -20.4044       0.0696   269.1
0.3340         -20.3347     -20.4147       0.0800   309.4
0.3350         -20.3352     -20.4293       0.0941   363.9
0.3360         -20.3363     -20.4487       0.1124   434.8
0.3370         -20.3379     -20.4731       0.1352   522.8
0.3380         -20.3393     -20.5009       0.1616   625.0
0.3390         -20.3398     -20.5300       0.1903   736.1
0.3400         -20.3398     -20.5599       0.2202   851.7
0.3410         -20.3397     -20.5904       0.2507   969.7
0.3420         -20.3396     -20.6210       0.2815  1088.7
0.3430         -20.3395     -20.6516       0.3121  1207.3
0.3440         -20.3393     -20.6816       0.3423  1324.2
0.3450         -20.3392     -20.7110       0.3718  1438.3
0.3460         -20.3390     -20.7394       0.4004  1548.8
0.3470         -20.3388     -20.7666       0.4277  1654.6
0.3480         -20.3386     -20.7923       0.4537  1755.1
0.3490         -20.3384     -20.8166       0.4782  1849.7
0.3500         -20.3382     -20.8391       0.5010  1937.8
0.3510         -20.3379     -20.8599       0.5220  2019.1
0.3520         -20.3377     -20.8788       0.5411  2093.2
0.3530         -20.3374     -20.8958       0.5584  2159.9
0.3540         -20.3371     -20.9108       0.5736  2218.9
0.3550         -20.3369     -20.9237       0.5869  2270.1
0.3560         -20.3366     -20.9346       0.5980  2313.3
0.3570         -20.3363     -20.9434       0.6071  2348.3
0.3580         -20.3360     -20.9500       0.6140  2375.0
0.3590         -20.3357     -20.9545       0.6187  2393.4
0.3600         -20.3354     -20.9567       0.6213  2403.3
0.3610         -20.3351     -20.9568       0.6217  2404.8
0.3620         -20.3348     -20.9547       0.6199  2397.8
0.3630         -20.3345     -20.9504       0.6159  2382.4
0.3640         -20.3342     -20.9440       0.6097  2358.5
0.3650         -20.3340     -20.9353       0.6014  2326.3
0.3660         -20.3337     -20.9246       0.5909  2285.8
0.3670         -20.3334     -20.9118       0.5784  2237.2
0.3680         -20.3331     -20.8968       0.5637  2180.6
0.3690         -20.3329     -20.8799       0.5471  2116.2
0.3700         -20.3326     -20.8610       0.5284  2044.1
0.3710         -20.3324     -20.8403       0.5079  1964.6
0.3720         -20.3321     -20.8176       0.4855  1878.1
0.3730         -20.3319     -20.7933       0.4614  1784.9
0.3740         -20.3317     -20.7674       0.4357  1685.5
0.3750         -20.3314     -20.7400       0.4086  1580.4
0.3760         -20.3312     -20.7114       0.3801  1470.4
0.3770         -20.3311     -20.6817       0.3506  1356.3
Time[ps]      Etot[eV]     Epot[eV]     Ekin[eV]    T[K]
0.0000         -19.9845     -20.9571       0.9725  3761.9
0.0010         -19.9845     -20.9553       0.9708  3755.3
0.0020         -19.9845     -20.9502       0.9657  3735.4
0.0030         -19.9845     -20.9416       0.9571  3702.2
0.0040         -19.9845     -20.9297       0.9451  3655.9
0.0050         -19.9845     -20.9143       0.9297  3596.4
0.0060         -19.9846     -20.8955       0.9109  3523.7
0.0070         -19.9846     -20.8733       0.8888  3437.9
0.0080         -19.9846     -20.8478       0.8632  3338.9
0.0090         -19.9846     -20.8188       0.8342  3226.8
0.0100         -19.9846     -20.7865       0.8019  3101.8
0.0110         -19.9846     -20.7509       0.7663  2964.1
0.0120         -19.9846     -20.7121       0.7275  2814.0
0.0130         -19.9846     -20.6703       0.6857  2652.4
0.0140         -19.9846     -20.6258       0.6411  2480.0
0.0150         -19.9846     -20.5788       0.5942  2298.4
0.0160         -19.9845     -20.5297       0.5452  2109.1
0.0170         -19.9825     -20.4787       0.4962  1919.5
0.0180         -19.9788     -20.4327       0.4539  1755.8
0.0190         -19.9780     -20.4033       0.4253  1645.2
0.0200         -19.9806     -20.3923       0.4118  1592.7
0.0210         -19.9842     -20.3919       0.4077  1577.1
0.0220         -19.9847     -20.3897       0.4051  1566.9
0.0230         -19.9847     -20.3849       0.4002  1548.1
0.0240         -19.9847     -20.3776       0.3929  1519.7
0.0250         -19.9847     -20.3677       0.3830  1481.5
0.0260         -19.9847     -20.3553       0.3706  1433.6
0.0270         -19.9847     -20.3405       0.3558  1376.3
0.0280         -19.9847     -20.3234       0.3387  1310.3
0.0290         -19.9847     -20.3042       0.3195  1236.0
0.0300         -19.9847     -20.2832       0.2985  1154.6
0.0310         -19.9847     -20.2605       0.2758  1067.0
0.0320         -19.9847     -20.2366       0.2519   974.4
0.0330         -19.9846     -20.2117       0.2271   878.3
0.0340         -19.9846     -20.1863       0.2017   780.2
0.0350         -19.9846     -20.1608       0.1762   681.5
0.0360         -19.9846     -20.1355       0.1510   584.0
0.0370         -19.9845     -20.1110       0.1265   489.3
0.0380         -19.9845     -20.0876       0.1031   399.0
0.0390         -19.9845     -20.0658       0.0813   314.6
0.0400         -19.9845     -20.0459       0.0615   237.8
0.0410         -19.9844     -20.0284       0.0439   169.9
0.0420         -19.9844     -20.0134       0.0290   112.1
0.0430         -19.9844     -20.0013       0.0169    65.5
0.0440         -19.9844     -19.9924       0.0080    30.9
0.0450         -19.9844     -19.9867       0.0023     9.0
0.0460         -19.9844     -19.9844       0.0000     0.2
0.0470         -19.9844     -19.9856       0.0012     4.6
0.0480         -19.9844     -19.9902       0.0058    22.2
0.0490         -19.9844     -19.9980       0.0136    52.7
0.0500         -19.9844     -20.0091       0.0247    95.5
0.0510         -19.9844     -20.0231       0.0387   149.7
0.0520         -19.9845     -20.0399       0.0554   214.4
0.0530         -19.9845     -20.0590       0.0746   288.5
0.0540         -19.9845     -20.0803       0.0958   370.5
0.0550         -19.9845     -20.1032       0.1187   459.0
0.0560         -19.9845     -20.1274       0.1428   552.5
0.0570         -19.9846     -20.1524       0.1679   649.3
0.0580         -19.9846     -20.1779       0.1933   747.8
0.0590         -19.9846     -20.2034       0.2188   846.3
0.0600         -19.9846     -20.2285       0.2439   943.3
0.0610         -19.9846     -20.2528       0.2681  1037.2
0.0620         -19.9846     -20.2759       0.2912  1126.6
0.0630         -19.9846     -20.2975       0.3129  1210.2
0.0640         -19.9846     -20.3173       0.3327  1287.0
0.0650         -19.9846     -20.3352       0.3505  1355.8
0.0660         -19.9846     -20.3507       0.3661  1416.1
0.0670         -19.9846     -20.3639       0.3793  1467.1
0.0680         -19.9846     -20.3746       0.3900  1508.6
0.0690         -19.9846     -20.3828       0.3982  1540.3
0.0700         -19.9846     -20.3884       0.4039  1562.2
0.0710         -19.9844     -20.3915       0.4071  1574.9
0.0720         -19.9819     -20.3919       0.4099  1585.6
0.0730         -19.9784     -20.3978       0.4194  1622.4
0.0740         -19.9781     -20.4210       0.4429  1713.4
0.0750         -19.9810     -20.4623       0.4814  1862.0
0.0760         -19.9841     -20.5132       0.5291  2046.5
0.0770         -19.9845     -20.5629       0.5785  2237.6
0.0780         -19.9845     -20.6106       0.6261  2422.0
0.0790         -19.9845     -20.6560       0.6715  2597.7
0.0800         -19.9845     -20.6988       0.7143  2763.0
0.0810         -19.9844     -20.7386       0.7541  2917.0
0.0820         -19.9844     -20.7752       0.7908  3059.0
0.0830         -19.9844     -20.8086       0.8242  3188.3
0.0840         -19.9843     -20.8387       0.8543  3304.7
0.0850         -19.9843     -20.8654       0.8810  3408.0
0.0860         -19.9843     -20.8886       0.9044  3498.3
0.0870         -19.9842     -20.9085       0.9243  3575.4
0.0880         -19.9842     -20.9250       0.9408  3639.3
0.0890         -19.9842     -20.9381       0.9539  3690.0
0.0900         -19.9841     -20.9478       0.9636  3727.6
0.0910         -19.9841     -20.9540       0.9699  3751.9
0.0920         -19.9841     -20.9569       0.9728  3762.9
0.0930         -19.9841     -20.9563       0.9722  3760.7
0.0940         -19.9840     -20.9522       0.9682  3745.2
0.0950         -19.9840     -20.9448       0.9608  3716.4
0.0960         -19.9840     -20.9339       0.9499  3674.4
0.0970         -19.9840     -20.9196       0.9356  3619.2
0.0980         -19.9840     -20.9019       0.9180  3550.9
0.0990         -19.9840     -20.8809       0.8969  3469.4
0.1000         -19.9839     -20.8564       0.8724  3374.7
0.1010         -19.9839     -20.8285       0.8446  3266.9
0.1020         -19.9839     -20.7972       0.8133  3146.0
0.1030         -19.9839     -20.7627       0.7788  3012.4
0.1040         -19.9839     -20.7249       0.7410  2866.2
0.1050         -19.9839     -20.6840       0.7001  2708.2
0.1060         -19.9839     -20.6403       0.6564  2539.1
0.1070         -19.9839     -20.5940       0.6102  2360.2
0.1080         -19.9838     -20.5456       0.5618  2173.0
0.1090         -19.9828     -20.4950       0.5123  1981.5
0.1100         -19.9789     -20.4458       0.4669  1806.1
0.1110         -19.9771     -20.4106       0.4335  1676.8
0.1120         -19.9786     -20.3940       0.4154  1607.0
0.1130         -19.9826     -20.3919       0.4093  1583.4
0.1140         -19.9837     -20.3907       0.4070  1574.3
0.1150         -19.9838     -20.3867       0.4029  1558.6
0.1160         -19.9838     -20.3801       0.3963  1533.1
0.1170         -19.9838     -20.3710       0.3872  1497.9
0.1180         -19.9838     -20.3594       0.3756  1453.0
0.1190         -19.9838     -20.3453       0.3616  1398.5
0.1200         -19.9838     -20.3289       0.3451  1335.1
0.1210         -19.9837     -20.3103       0.3266  1263.2
0.1220         -19.9837     -20.2897       0.3060  1183.7
0.1230         -19.9837     -20.2675       0.2838  1097.7
0.1240         -19.9837     -20.2438       0.2602  1006.4
0.1250         -19.9836     -20.2192       0.2355   911.0
0.1260         -19.9836     -20.1938       0.2102   813.1
0.1270         -19.9836     -20.1682       0.1846   714.2
0.1280         -19.9836     -20.1428       0.1592   615.9
0.1290         -19.9835     -20.1179       0.1344   519.9
0.1300         -19.9835     -20.0941       0.1106   427.8
0.1310         -19.9835     -20.0717       0.0882   341.2
0.1320         -19.9835     -20.0511       0.0677   261.7
0.1330         -19.9834     -20.0327       0.0493   190.7
0.1340         -19.9834     -20.0169       0.0335   129.4
0.1350         -19.9834     -20.0038       0.0204    79.0
0.1360         -19.9834     -19.9938       0.0105    40.5
0.1370         -19.9834     -19.9871       0.0037    14.5
0.1380         -19.9834     -19.9838       0.0004     1.5
0.1390         -19.9834     -19.9838       0.0005     1.8
0.1400         -19.9834     -19.9873       0.0040    15.4
0.1410         -19.9834     -19.9942       0.0108    41.9
0.1420         -19.9834     -20.0043       0.0209    81.0
0.1430         -19.9834     -20.0175       0.0341   131.9
0.1440         -19.9834     -20.0335       0.0501   193.6
0.1450         -19.9834     -20.0520       0.0685   265.1
0.1460         -19.9835     -20.0727       0.0892   345.0
0.1470         -19.9835     -20.0951       0.1117   431.9
0.1480         -19.9835     -20.1190       0.1355   524.3
0.1490         -19.9835     -20.1439       0.1604   620.5
0.1500         -19.9835     -20.1694       0.1859   718.9
0.1510         -19.9835     -20.1950       0.2114   817.9
0.1520         -19.9836     -20.2203       0.2367   915.8
0.1530         -19.9836     -20.2449       0.2614  1011.1
0.1540         -19.9836     -20.2685       0.2850  1102.3
0.1550         -19.9836     -20.2907       0.3071  1188.1
0.1560         -19.9836     -20.3112       0.3276  1267.3
0.1570         -19.9836     -20.3297       0.3461  1339.0
0.1580         -19.9835     -20.3460       0.3625  1402.2
0.1590         -19.9835     -20.3600       0.3765  1456.3
0.1600         -19.9835     -20.3715       0.3880  1500.9
0.1610         -19.9835     -20.3805       0.3970  1535.8
0.1620         -19.9834     -20.3869       0.4035  1560.8
0.1630         -19.9834     -20.3909       0.4075  1576.3
0.1640         -19.9821     -20.3919       0.4099  1585.4
0.1650         -19.9780     -20.3944       0.4164  1610.7
0.1660         -19.9766     -20.4119       0.4353  1683.6
0.1670         -19.9786     -20.4480       0.4695  1816.0
0.1680         -19.9824     -20.4977       0.5153  1993.2
0.1690         -19.9832     -20.5481       0.5649  2185.0
0.1700         -19.9833     -20.5965       0.6132  2372.1
0.1710         -19.9832     -20.6427       0.6594  2550.8
0.1720         -19.9832     -20.6863       0.7031  2719.5
0.1730         -19.9832     -20.7270       0.7438  2877.2
0.1740         -19.9831     -20.7646       0.7815  3023.0
0.1750         -19.9831     -20.7990       0.8160  3156.3
0.1760         -19.9830     -20.8301       0.8471  3276.8
0.1770         -19.9830     -20.8578       0.8749  3384.2
0.1780         -19.9829     -20.8821       0.8992  3478.4
0.1790         -19.9828     -20.9030       0.9202  3559.5
0.1800         -19.9828     -20.9205       0.9378  3627.4
0.1810         -19.9827     -20.9346       0.9519  3682.2
0.1820         -19.9827     -20.9453       0.9626  3723.7
0.1830         -19.9826     -20.9526       0.9700  3752.0
0.1840         -19.9826     -20.9564       0.9738  3767.0
0.1850         -19.9825     -20.9568       0.9743  3768.7
0.1860         -19.9825     -20.9538       0.9713  3757.1
0.1870         -19.9824     -20.9473       0.9648  3732.2
0.1880         -19.9824     -20.9374       0.9550  3694.1
0.1890         -19.9823     -20.9241       0.9417  3642.7
0.1900         -19.9823     -20.9073       0.9250  3578.1
0.1910         -19.9823     -20.8872       0.9049  3500.4
0.1920         -19.9822     -20.8636       0.8814  3409.4
0.1930         -19.9822     -20.8367       0.8545  3305.3
0.1940         -19.9822     -20.8064       0.8242  3188.1
0.1950         -19.9822     -20.7727       0.7905  3057.9
0.1960         -19.9821     -20.7357       0.7536  2915.1
0.1970         -19.9821     -20.6957       0.7136  2760.2
0.1980         -19.9821     -20.6526       0.6706  2593.9
0.1990         -19.9820     -20.6070       0.6249  2417.4
0.2000         -19.9820     -20.5590       0.5770  2232.1
0.2010         -19.9815     -20.5090       0.5275  2040.5
0.2020         -19.9780     -20.4582       0.4802  1857.4
0.2030         -19.9753     -20.4182       0.4429  1713.1
0.2040         -19.9759     -20.3966       0.4207  1627.4
0.2050         -19.9797     -20.3919       0.4122  1594.4
0.2060         -19.9817     -20.3913       0.4096  1584.6
0.2070         -19.9818     -20.3880       0.4062  1571.2
0.2080         -19.9818     -20.3820       0.4002  1548.2
0.2090         -19.9818     -20.3736       0.3918  1515.5
0.2100         -19.9818     -20.3625       0.3808  1472.9
0.2110         -19.9818     -20.3490       0.3673  1420.7
0.2120         -19.9817     -20.3331       0.3514  1359.2
0.2130         -19.9817     -20.3150       0.3333  1289.1
0.2140         -19.9817     -20.2948       0.3131  1211.2
0.2150         -19.9817     -20.2729       0.2912  1126.4
0.2160         -19.9816     -20.2494       0.2678  1035.9
0.2170         -19.9816     -20.2249       0.2433   941.0
0.2180         -19.9816     -20.1995       0.2180   843.1
0.2190         -19.9815     -20.1738       0.1923   743.8
0.2200         -19.9815     -20.1482       0.1667   644.7
0.2210         -19.9815     -20.1230       0.1415   547.4
0.2220         -19.9814     -20.0987       0.1173   453.7
0.2230         -19.9814     -20.0758       0.0944   365.0
0.2240         -19.9814     -20.0546       0.0732   283.1
0.2250         -19.9814     -20.0355       0.0541   209.3
0.2260         -19.9813     -20.0188       0.0375   145.1
0.2270         -19.9813     -20.0050       0.0236    91.5
0.2280         -19.9813     -19.9941       0.0128    49.6
0.2290         -19.9813     -19.9865       0.0052    20.1
0.2300         -19.9813     -19.9822       0.0009     3.6
0.2310         -19.9813     -19.9814       0.0001     0.5
0.2320         -19.9813     -19.9840       0.0028    10.7
0.2330         -19.9813     -19.9901       0.0088    34.0
0.2340         -19.9813     -19.9994       0.0181    70.1
0.2350         -19.9813     -20.0119       0.0306   118.3
0.2360         -19.9813     -20.0273       0.0459   177.7
0.2370         -19.9813     -20.0452       0.0639   247.1
0.2380         -19.9814     -20.0655       0.0841   325.4
0.2390         -19.9814     -20.0877       0.1063   411.2
0.2400         -19.9814     -20.1114       0.1300   502.8
0.2410         -19.9814     -20.1362       0.1548   598.7
0.2420         -19.9814     -20.1617       0.1803   697.2
0.2430         -19.9814     -20.1874       0.2060   796.8
0.2440         -19.9814     -20.2130       0.2315   895.7
0.2450         -19.9814     -20.2380       0.2565   992.3
0.2460         -19.9814     -20.2620       0.2806  1085.2
0.2470         -19.9814     -20.2847       0.3033  1173.0
0.2480         -19.9814     -20.3057       0.3243  1254.5
0.2490         -19.9814     -20.3249       0.3435  1328.6
0.2500         -19.9814     -20.3419       0.3605  1394.4
0.2510         -19.9814     -20.3565       0.3752  1451.2
0.2520         -19.9813     -20.3687       0.3874  1498.5
0.2530         -19.9813     -20.3784       0.3971  1536.1
0.2540         -19.9813     -20.3855       0.4043  1563.8
0.2550         -19.9812     -20.3901       0.4089  1581.7
0.2560         -19.9805     -20.3920       0.4114  1591.5
0.2570         -19.9766     -20.3928       0.4162  1609.9
0.2580         -19.9744     -20.4058       0.4315  1668.9
0.2590         -19.9755     -20.4376       0.4621  1787.3
0.2600         -19.9793     -20.4852       0.5059  1956.8
0.2610         -19.9809     -20.5362       0.5554  2148.2
0.2620         -19.9809     -20.5852       0.6043  2337.4
0.2630         -19.9809     -20.6320       0.6511  2518.6
0.2640         -19.9808     -20.6763       0.6955  2690.2
0.2650         -19.9808     -20.7178       0.7370  2850.9
0.2660         -19.9807     -20.7562       0.7755  2999.9
0.2670         -19.9806     -20.7914       0.8108  3136.4
0.2680         -19.9806     -20.8233       0.8428  3260.0
0.2690         -19.9805     -20.8519       0.8714  3370.6
0.2700         -19.9804     -20.8770       0.8966  3468.1
0.2710         -19.9803     -20.8987       0.9183  3552.3
0.2720         -19.9802     -20.9169       0.9367  3623.4
0.2730         -19.9802     -20.9318       0.9517  3681.2
0.2740         -19.9801     -20.9433       0.9632  3725.8
0.2750         -19.9800     -20.9513       0.9713  3757.1
0.2760         -19.9799     -20.9559       0.9759  3775.1
0.2770         -19.9799     -20.9570       0.9772  3779.8
0.2780         -19.9798     -20.9547       0.9749  3771.1
0.2790         -19.9797     -20.9489       0.9692  3749.2
0.2800         -19.9796     -20.9398       0.9601  3713.9
0.2810         -19.9796     -20.9271       0.9476  3665.3
0.2820         -19.9795     -20.9111       0.9316  3603.5
0.2830         -19.9795     -20.8916       0.9122  3528.5
0.2840         -19.9794     -20.8688       0.8894  3440.2
0.2850         -19.9794     -20.8425       0.8631  3338.6
0.2860         -19.9793     -20.8128       0.8335  3224.0
0.2870         -19.9793     -20.7797       0.8004  3096.2
0.2880         -19.9792     -20.7433       0.7641  2955.7
0.2890         -19.9792     -20.7038       0.7246  2802.9
0.2900         -19.9791     -20.6612       0.6821  2638.5
0.2910         -19.9791     -20.6159       0.6369  2463.5
0.2920         -19.9790     -20.5682       0.5893  2279.4
0.2930         -19.9787     -20.5185       0.5398  2088.1
0.2940         -19.9758     -20.4672       0.4914  1900.8
0.2950         -19.9725     -20.4241       0.4516  1746.7
0.2960         -19.9725     -20.3991       0.4265  1650.0
0.2970         -19.9758     -20.3919       0.4160  1609.3
0.2980         -19.9786     -20.3916       0.4131  1597.8
0.2990         -19.9788     -20.3887       0.4099  1585.8
0.3000         -19.9788     -20.3832       0.4044  1564.4
0.3010         -19.9787     -20.3751       0.3963  1533.1
0.3020         -19.9787     -20.3644       0.3857  1492.0
0.3030         -19.9787     -20.3512       0.3725  1441.0
0.3040         -19.9787     -20.3356       0.3569  1380.7
0.3050         -19.9786     -20.3177       0.3391  1311.5
0.3060         -19.9786     -20.2977       0.3191  1234.3
0.3070         -19.9786     -20.2759       0.2973  1150.0
0.3080         -19.9785     -20.2525       0.2739  1059.7
0.3090         -19.9785     -20.2279       0.2494   964.7
0.3100         -19.9784     -20.2024       0.2240   866.5
0.3110         -19.9784     -20.1766       0.1982   766.5
0.3120         -19.9784     -20.1507       0.1723   666.5
0.3130         -19.9783     -20.1252       0.1468   568.0
0.3140         -19.9783     -20.1005       0.1222   472.8
0.3150         -19.9783     -20.0771       0.0989   382.4
0.3160         -19.9782     -20.0554       0.0772   298.6
0.3170         -19.9782     -20.0358       0.0576   222.8
0.3180         -19.9782     -20.0186       0.0404   156.3
0.3190         -19.9782     -20.0041       0.0260   100.4
0.3200         -19.9781     -19.9927       0.0145    56.1
0.3210         -19.9781     -19.9844       0.0063    24.3
0.3220         -19.9781     -19.9795       0.0014     5.5
0.3230         -19.9781     -19.9781       0.0000     0.1
0.3240         -19.9781     -19.9802       0.0021     8.1
0.3250         -19.9781     -19.9858       0.0076    29.5
0.3260         -19.9781     -19.9947       0.0165    63.9
0.3270         -19.9782     -20.0067       0.0286   110.5
0.3280         -19.9782     -20.0217       0.0436   168.6
0.3290         -19.9782     -20.0395       0.0613   237.0
0.3300         -19.9782     -20.0595       0.0813   314.6
0.3310         -19.9782     -20.0816       0.1034   399.9
0.3320         -19.9782     -20.1053       0.1270   491.4
0.3330         -19.9782     -20.1301       0.1519   587.5
0.3340         -19.9783     -20.1558       0.1775   686.6
0.3350         -19.9783     -20.1817       0.2034   786.9
0.3360         -19.9783     -20.2075       0.2293   886.9
0.3370         -19.9783     -20.2328       0.2546   984.8
0.3380         -19.9782     -20.2572       0.2790  1079.2
0.3390         -19.9782     -20.2803       0.3021  1168.6
0.3400         -19.9782     -20.3018       0.3236  1251.9
0.3410         -19.9782     -20.3215       0.3433  1327.8
0.3420         -19.9782     -20.3389       0.3608  1395.5
0.3430         -19.9781     -20.3541       0.3760  1454.3
0.3440         -19.9781     -20.3668       0.3887  1503.6
0.3450         -19.9780     -20.3769       0.3989  1543.0
0.3460         -19.9780     -20.3845       0.4065  1572.5
0.3470         -19.9779     -20.3895       0.4116  1592.2
0.3480         -19.9775     -20.3919       0.4144  1602.9
0.3490         -19.9739     -20.3922       0.4183  1618.1
0.3500         -19.9712     -20.4027       0.4316  1669.3
0.3510         -19.9718     -20.4318       0.4600  1779.3
0.3520         -19.9754     -20.4779       0.5025  1943.6
0.3530         -19.9775     -20.5293       0.5518  2134.4
0.3540         -19.9775     -20.5786       0.6011  2325.1
0.3550         -19.9775     -20.6259       0.6484  2508.1
0.3560         -19.9774     -20.6707       0.6932  2681.5
0.3570         -19.9774     -20.7126       0.7353  2844.2
Time[ps]      Etot[eV]     Epot[eV]     Ekin[eV]    T[K]
0.0000         -20.4987     -20.9601       0.4615  1785.1
0.0010         -20.4987     -20.9593       0.4607  1782.0
0.0020         -20.4987     -20.9570       0.4583  1773.0
0.0030         -20.4986     -20.9531       0.4545  1757.9
0.0040         -20.4986     -20.9477       0.4490  1736.9
0.0050         -20.4986     -20.9407       0.4421  1710.0
0.0060         -20.4986     -20.9323       0.4336  1677.4
0.0070         -20.4986     -20.9224       0.4237  1639.1
0.0080         -20.4986     -20.9111       0.4124  1595.4
0.0090         -20.4986     -20.8984       0.3998  1546.4
0.0100         -20.4986     -20.8844       0.3858  1492.2
0.0110         -20.4986     -20.8691       0.3705  1433.2
0.0120         -20.4986     -20.8527       0.3541  1369.5
0.0130         -20.4986     -20.8351       0.3365  1301.6
0.0140         -20.4986     -20.8165       0.3179  1229.8
0.0150         -20.4986     -20.7970       0.2984  1154.4
0.0160         -20.4986     -20.7768       0.2782  1076.1
0.0170         -20.4986     -20.7559       0.2573   995.3
0.0180         -20.4986     -20.7345       0.2360   912.7
0.0190         -20.4986     -20.7129       0.2143   829.0
0.0200         -20.4985     -20.6911       0.1926   744.9
0.0210         -20.4985     -20.6695       0.1710   661.3
0.0220         -20.4985     -20.6482       0.1497   578.9
0.0230         -20.4985     -20.6274       0.1289   498.8
0.0240         -20.4985     -20.6075       0.1090   421.7
0.0250         -20.4984     -20.5886       0.0901   348.7
0.0260         -20.4984     -20.5709       0.0725   280.6
0.0270         -20.4982     -20.5547       0.0565   218.4
0.0280         -20.4980     -20.5401       0.0421   163.0
0.0290         -20.4975     -20.5273       0.0298   115.3
0.0300         -20.4970     -20.5166       0.0196    76.0
0.0310         -20.4965     -20.5081       0.0117    45.2
0.0320         -20.4961     -20.5019       0.0059    22.7
0.0330         -20.4958     -20.4979       0.0021     8.1
0.0340         -20.4957     -20.4959       0.0002     0.9
0.0350         -20.4957     -20.4959       0.0002     0.9
0.0360         -20.4958     -20.4979       0.0021     8.2
0.0370         -20.4961     -20.5020       0.0059    22.9
0.0380         -20.4965     -20.5082       0.0118    45.5
0.0390         -20.4970     -20.5167       0.0198    76.4
0.0400         -20.4975     -20.5275       0.0299   115.8
0.0410         -20.4980     -20.5403       0.0423   163.6
0.0420         -20.4982     -20.5549       0.0567   219.2
0.0430         -20.4984     -20.5711       0.0728   281.5
0.0440         -20.4984     -20.5888       0.0904   349.7
0.0450         -20.4984     -20.6077       0.1093   422.8
0.0460         -20.4984     -20.6277       0.1292   499.9
0.0470         -20.4985     -20.6484       0.1500   580.2
0.0480         -20.4985     -20.6698       0.1713   662.6
0.0490         -20.4985     -20.6914       0.1929   746.3
0.0500         -20.4985     -20.7132       0.2147   830.5
0.0510         -20.4985     -20.7348       0.2364   914.3
0.0520         -20.4985     -20.7562       0.2577   997.0
0.0530         -20.4984     -20.7771       0.2786  1077.8
0.0540         -20.4984     -20.7973       0.2989  1156.2
0.0550         -20.4984     -20.8168       0.3184  1231.6
0.0560         -20.4984     -20.8354       0.3370  1303.5
0.0570         -20.4984     -20.8529       0.3546  1371.5
0.0580         -20.4984     -20.8694       0.3710  1435.2
0.0590         -20.4983     -20.8846       0.3863  1494.3
0.0600         -20.4983     -20.8986       0.4003  1548.5
0.0610         -20.4983     -20.9113       0.4130  1597.6
0.0620         -20.4983     -20.9226       0.4243  1641.4
0.0630         -20.4982     -20.9324       0.4342  1679.7
0.0640         -20.4982     -20.9409       0.4427  1712.3
0.0650         -20.4982     -20.9478       0.4496  1739.2
0.0660         -20.4981     -20.9532       0.4551  1760.3
0.0670         -20.4981     -20.9571       0.4590  1775.4
0.0680         -20.4981     -20.9594       0.4613  1784.5
0.0690         -20.4980     -20.9601       0.4621  1787.5
0.0700         -20.4980     -20.9593       0.4613  1784.5
0.0710         -20.4980     -20.9569       0.4590  1775.4
0.0720         -20.4979     -20.9530       0.4551  1760.3
0.0730         -20.4979     -20.9475       0.4496  1739.3
0.0740         -20.4979     -20.9405       0.4427  1712.3
0.0750         -20.4978     -20.9320       0.4342  1679.7
0.0760         -20.4978     -20.9221       0.4243  1641.3
0.0770         -20.4977     -20.9107       0.4130  1597.5
0.0780         -20.4977     -20.8980       0.4003  1548.4
0.0790         -20.4977     -20.8839       0.3863  1494.1
0.0800         -20.4976     -20.8686       0.3710  1435.0
0.0810         -20.4976     -20.8521       0.3545  1371.2
0.0820         -20.4976     -20.8345       0.3369  1303.2
0.0830         -20.4976     -20.8158       0.3183  1231.2
0.0840         -20.4975     -20.7963       0.2988  1155.7
0.0850         -20.4975     -20.7760       0.2785  1077.2
0.0860         -20.4975     -20.7550       0.2575   996.2
0.0870         -20.4974     -20.7336       0.2361   913.5
0.0880         -20.4974     -20.7118       0.2145   829.5
0.0890         -20.4974     -20.6900       0.1927   745.3
0.0900         -20.4973     -20.6683       0.1710   661.4
0.0910         -20.4973     -20.6470       0.1497   578.9
0.0920         -20.4973     -20.6262       0.1289   498.6
0.0930         -20.4973     -20.6062       0.1090   421.5
0.0940         -20.4972     -20.5873       0.0900   348.3
0.0950         -20.4971     -20.5696       0.0724   280.2
0.0960         -20.4970     -20.5533       0.0563   217.9
0.0970         -20.4967     -20.5387       0.0420   162.5
0.0980         -20.4962     -20.5259       0.0297   114.9
0.0990         -20.4957     -20.5152       0.0196    75.7
0.1000         -20.4951     -20.5068       0.0116    45.0
0.1010         -20.4947     -20.5006       0.0059    22.7
0.1020         -20.4945     -20.4966       0.0021     8.1
0.1030         -20.4943     -20.4946       0.0002     0.9
0.1040         -20.4943     -20.4945       0.0002     0.9
0.1050         -20.4945     -20.4965       0.0021     7.9
0.1060         -20.4947     -20.5005       0.0058    22.4
0.1070         -20.4951     -20.5067       0.0115    44.7
0.1080         -20.4956     -20.5151       0.0194    75.2
0.1090         -20.4962     -20.5257       0.0295   114.3
0.1100         -20.4967     -20.5385       0.0418   161.8
0.1110         -20.4970     -20.5531       0.0561   217.2
0.1120         -20.4971     -20.5693       0.0722   279.4
0.1130         -20.4971     -20.5870       0.0899   347.6
0.1140         -20.4972     -20.6059       0.1088   420.8
0.1150         -20.4972     -20.6259       0.1288   498.1
0.1160         -20.4972     -20.6467       0.1496   578.5
0.1170         -20.4972     -20.6681       0.1709   661.2
0.1180         -20.4971     -20.6898       0.1926   745.2
0.1190         -20.4971     -20.7116       0.2145   829.7
0.1200         -20.4971     -20.7334       0.2362   913.8
0.1210         -20.4971     -20.7548       0.2577   996.9
0.1220         -20.4971     -20.7758       0.2787  1078.2
0.1230         -20.4970     -20.7961       0.2991  1157.0
0.1240         -20.4970     -20.8157       0.3187  1232.9
0.1250         -20.4969     -20.8344       0.3374  1305.2
0.1260         -20.4969     -20.8520       0.3551  1373.7
0.1270         -20.4968     -20.8686       0.3717  1437.8
0.1280         -20.4968     -20.8839       0.3871  1497.4
0.1290         -20.4967     -20.8980       0.4012  1552.1
0.1300         -20.4967     -20.9107       0.4140  1601.6
0.1310         -20.4966     -20.9221       0.4255  1645.8
0.1320         -20.4966     -20.9321       0.4355  1684.6
0.1330         -20.4965     -20.9406       0.4441  1717.7
0.1340         -20.4964     -20.9476       0.4511  1745.0
0.1350         -20.4964     -20.9530       0.4567  1766.4
0.1360         -20.4963     -20.9570       0.4607  1781.9
0.1370         -20.4962     -20.9593       0.4631  1791.3
0.1380         -20.4962     -20.9601       0.4640  1794.7
0.1390         -20.4961     -20.9594       0.4633  1792.0
0.1400         -20.4960     -20.9570       0.4610  1783.2
0.1410         -20.4960     -20.9531       0.4572  1768.3
0.1420         -20.4959     -20.9477       0.4518  1747.5
0.1430         -20.4958     -20.9407       0.4449  1720.8
0.1440         -20.4957     -20.9322       0.4365  1688.3
0.1450         -20.4957     -20.9223       0.4266  1650.1
0.1460         -20.4956     -20.9109       0.4153  1606.3
0.1470         -20.4956     -20.8981       0.4026  1557.2
0.1480         -20.4955     -20.8840       0.3886  1503.0
0.1490         -20.4954     -20.8687       0.3733  1443.8
0.1500         -20.4954     -20.8521       0.3568  1380.0
0.1510         -20.4953     -20.8344       0.3391  1311.8
0.1520         -20.4953     -20.8157       0.3205  1239.6
0.1530         -20.4952     -20.7961       0.3009  1163.9
0.1540         -20.4951     -20.7757       0.2805  1085.2
0.1550         -20.4951     -20.7546       0.2595  1003.9
0.1560         -20.4950     -20.7331       0.2380   920.7
0.1570         -20.4950     -20.7112       0.2162   836.4
0.1580         -20.4950     -20.6893       0.1943   751.7
0.1590         -20.4949     -20.6675       0.1725   667.4
0.1600         -20.4949     -20.6460       0.1511   584.4
0.1610         -20.4948     -20.6250       0.1302   503.6
0.1620         -20.4948     -20.6049       0.1101   425.9
0.1630         -20.4947     -20.5858       0.0911   352.2
0.1640         -20.4947     -20.5679       0.0733   283.5
0.1650         -20.4945     -20.5515       0.0571   220.7
0.1660         -20.4941     -20.5368       0.0426   164.9
0.1670         -20.4936     -20.5239       0.0302   116.9
0.1680         -20.4930     -20.5131       0.0200    77.4
0.1690         -20.4925     -20.5045       0.0120    46.5
0.1700         -20.4921     -20.4983       0.0062    23.9
0.1710         -20.4918     -20.4941       0.0023     8.9
0.1720         -20.4917     -20.4920       0.0003     1.3
0.1730         -20.4916     -20.4918       0.0001     0.5
0.1740         -20.4918     -20.4935       0.0017     6.8
0.1750         -20.4920     -20.4972       0.0052    20.2
0.1760         -20.4924     -20.5030       0.0106    41.2
0.1770         -20.4929     -20.5111       0.0182    70.4
0.1780         -20.4935     -20.5214       0.0279   108.1
0.1790         -20.4940     -20.5339       0.0399   154.4
0.1800         -20.4944     -20.5484       0.0540   208.8
0.1810         -20.4946     -20.5644       0.0699   270.3
0.1820         -20.4946     -20.5820       0.0874   338.0
0.1830         -20.4946     -20.6009       0.1062   411.0
0.1840         -20.4946     -20.6208       0.1262   488.2
0.1850         -20.4946     -20.6416       0.1470   568.7
0.1860         -20.4946     -20.6631       0.1685   651.6
0.1870         -20.4946     -20.6849       0.1903   736.1
0.1880         -20.4946     -20.7068       0.2123   821.1
0.1890         -20.4945     -20.7287       0.2342   906.0
0.1900         -20.4945     -20.7504       0.2559   989.9
0.1910         -20.4944     -20.7716       0.2771  1072.0
0.1920         -20.4944     -20.7922       0.2978  1151.9
0.1930         -20.4943     -20.8120       0.3177  1228.8
0.1940         -20.4942     -20.8309       0.3367  1302.3
0.1950         -20.4942     -20.8488       0.3546  1371.8
0.1960         -20.4941     -20.8656       0.3715  1437.2
0.1970         -20.4940     -20.8813       0.3872  1497.9
0.1980         -20.4939     -20.8956       0.4017  1553.8
0.1990         -20.4938     -20.9086       0.4148  1604.5
0.2000         -20.4938     -20.9203       0.4265  1650.0
0.2010         -20.4937     -20.9305       0.4369  1689.9
0.2020         -20.4936     -20.9393       0.4457  1724.1
0.2030         -20.4935     -20.9465       0.4531  1752.6
0.2040         -20.4934     -20.9523       0.4589  1775.2
0.2050         -20.4933     -20.9565       0.4632  1791.8
0.2060         -20.4932     -20.9591       0.4659  1802.3
0.2070         -20.4930     -20.9601       0.4671  1806.7
0.2080         -20.4929     -20.9596       0.4666  1805.0
0.2090         -20.4928     -20.9574       0.4646  1797.1
0.2100         -20.4927     -20.9537       0.4610  1783.2
0.2110         -20.4926     -20.9485       0.4558  1763.2
0.2120         -20.4925     -20.9416       0.4491  1737.3
0.2130         -20.4924     -20.9333       0.4409  1705.5
0.2140         -20.4923     -20.9235       0.4312  1668.0
0.2150         -20.4922     -20.9123       0.4201  1624.8
0.2160         -20.4921     -20.8996       0.4075  1576.3
0.2170         -20.4920     -20.8856       0.3936  1522.4
0.2180         -20.4919     -20.8703       0.3784  1463.6
0.2190         -20.4919     -20.8538       0.3619  1400.0
0.2200         -20.4918     -20.8361       0.3444  1332.0
0.2210         -20.4917     -20.8174       0.3257  1259.9
0.2220         -20.4916     -20.7977       0.3061  1184.2
0.2230         -20.4915     -20.7772       0.2857  1105.2
0.2240         -20.4915     -20.7561       0.2646  1023.6
0.2250         -20.4914     -20.7344       0.2430   940.1
0.2260         -20.4913     -20.7124       0.2211   855.2
0.2270         -20.4913     -20.6903       0.1990   769.8
0.2280         -20.4912     -20.6682       0.1770   684.7
0.2290         -20.4911     -20.6464       0.1553   600.7
0.2300         -20.4911     -20.6252       0.1341   518.8
0.2310         -20.4910     -20.6048       0.1137   440.0
0.2320         -20.4910     -20.5853       0.0944   365.0
0.2330         -20.4909     -20.5671       0.0762   294.9
0.2340         -20.4907     -20.5504       0.0597   230.8
0.2350         -20.4903     -20.5352       0.0449   173.5
0.2360         -20.4898     -20.5219       0.0321   124.3
0.2370         -20.4891     -20.5107       0.0216    83.6
0.2380         -20.4885     -20.5019       0.0133    51.5
0.2390         -20.4881     -20.4953       0.0072    27.7
0.2400         -20.4878     -20.4908       0.0030    11.5
0.2410         -20.4876     -20.4883       0.0006     2.4
0.2420         -20.4876     -20.4876       0.0000     0.1
0.2430         -20.4877     -20.4888       0.0011     4.3
0.2440         -20.4879     -20.4918       0.0040    15.4
0.2450         -20.4882     -20.4969       0.0087    33.7
0.2460         -20.4887     -20.5041       0.0155    59.8
0.2470         -20.4893     -20.5137       0.0244    94.3
0.2480         -20.4899     -20.5255       0.0356   137.6
0.2490         -20.4904     -20.5393       0.0489   189.3
0.2500         -20.4907     -20.5550       0.0643   248.8
0.2510         -20.4908     -20.5722       0.0814   314.9
0.2520         -20.4908     -20.5908       0.1000   386.7
0.2530         -20.4908     -20.6106       0.1197   463.2
0.2540         -20.4908     -20.6313       0.1405   543.4
0.2550         -20.4908     -20.6527       0.1619   626.4
0.2560         -20.4907     -20.6746       0.1839   711.2
0.2570         -20.4907     -20.6967       0.2060   797.0
0.2580         -20.4906     -20.7189       0.2283   882.9
0.2590         -20.4906     -20.7409       0.2503   968.1
0.2600         -20.4905     -20.7624       0.2719  1051.8
0.2610         -20.4904     -20.7835       0.2930  1133.4
0.2620         -20.4904     -20.8037       0.3134  1212.2
0.2630         -20.4903     -20.8232       0.3329  1287.7
0.2640         -20.4902     -20.8416       0.3515  1359.5
0.2650         -20.4901     -20.8590       0.3689  1427.1
0.2660         -20.4900     -20.8752       0.3852  1490.2
0.2670         -20.4898     -20.8901       0.4003  1548.4
0.2680         -20.4897     -20.9038       0.4140  1601.6
0.2690         -20.4896     -20.9160       0.4264  1649.4
0.2700         -20.4895     -20.9268       0.4374  1691.8
0.2710         -20.4893     -20.9362       0.4469  1728.5
Time[ps]      Etot[eV]     Epot[eV]     Ekin[eV]    T[K]
Time[ps]      Etot[eV]     Epot[eV]     Ekin[eV]    T[K]
0.0000         -20.5390     -20.9601       0.4211  1629.0
Time[ps]      Etot[eV]     Epot[eV]     Ekin[eV]    T[K]
0.0000         -20.5390     -20.9601       0.4211  1629.0
0.0010         -20.5390     -20.9594       0.4204  1626.2
0.0020         -20.5390     -20.9573       0.4183  1618.0
0.0030         -20.5390     -20.9537       0.4147  1604.2
0.0040         -20.5390     -20.9488       0.4098  1585.1
0.0050         -20.5390     -20.9424       0.4034  1560.6
0.0060         -20.5390     -20.9347       0.3957  1530.8
0.0070         -20.5390     -20.9257       0.3867  1496.0
0.0080         -20.5390     -20.9154       0.3764  1456.2
0.0090         -20.5390     -20.9039       0.3649  1411.6
0.0100         -20.5390     -20.8912       0.3522  1362.4
0.0100         -20.5390     -20.8912       0.3522  1362.4
0.0110         -20.5390     -20.8773       0.3383  1308.8
0.0120         -20.5390     -20.8624       0.3234  1251.1
0.0130         -20.5390     -20.8465       0.3075  1189.6
0.0140         -20.5390     -20.8297       0.2907  1124.6
0.0150         -20.5389     -20.8121       0.2731  1056.5
0.0160         -20.5389     -20.7938       0.2548   985.7
0.0170         -20.5389     -20.7749       0.2360   912.8
0.0180         -20.5389     -20.7556       0.2167   838.3
0.0190         -20.5389     -20.7361       0.1972   762.8
0.0200         -20.5389     -20.7165       0.1776   686.9
0.0200         -20.5389     -20.7165       0.1776   686.9
0.0210         -20.5389     -20.6969       0.1581   611.4
0.0220         -20.5389     -20.6777       0.1388   537.0
0.0230         -20.5388     -20.6589       0.1201   464.5
0.0240         -20.5388     -20.6409       0.1020   394.7
0.0250         -20.5388     -20.6237       0.0849   328.4
0.0260         -20.5388     -20.6076       0.0688   266.3
0.0270         -20.5388     -20.5928       0.0541   209.2
0.0280         -20.5387     -20.5795       0.0408   157.8
0.0290         -20.5387     -20.5678       0.0292   112.8
0.0300         -20.5386     -20.5579       0.0193    74.7
0.0300         -20.5386     -20.5579       0.0193    74.7
0.0310         -20.5385     -20.5499       0.0114    44.2
0.0320         -20.5384     -20.5439       0.0055    21.5
0.0330         -20.5383     -20.5401       0.0018     6.8
0.0340         -20.5383     -20.5383       0.0001     0.3
0.0350         -20.5383     -20.5388       0.0005     2.1
0.0360         -20.5383     -20.5415       0.0031    12.1
0.0370         -20.5384     -20.5462       0.0078    30.2
0.0380         -20.5385     -20.5531       0.0145    56.3
0.0390         -20.5386     -20.5619       0.0233    90.1
0.0400         -20.5387     -20.5726       0.0339   131.2
0.0400         -20.5387     -20.5726       0.0339   131.2
0.0410         -20.5387     -20.5850       0.0463   179.0
0.0420         -20.5388     -20.5990       0.0602   232.9
0.0430         -20.5388     -20.6143       0.0756   292.3
0.0440         -20.5388     -20.6309       0.0921   356.3
0.0450         -20.5388     -20.6485       0.1097   424.3
0.0460         -20.5388     -20.6669       0.1281   495.4
0.0470         -20.5388     -20.6859       0.1471   568.8
0.0480         -20.5388     -20.7053       0.1665   643.9
0.0490         -20.5388     -20.7249       0.1860   719.7
0.0500         -20.5388     -20.7445       0.2057   795.5
0.0500         -20.5388     -20.7445       0.2057   795.5
0.0510         -20.5388     -20.7639       0.2251   870.8
0.0520         -20.5388     -20.7830       0.2442   944.8
0.0530         -20.5388     -20.8017       0.2629  1016.9
0.0540         -20.5388     -20.8197       0.2809  1086.7
0.0550         -20.5388     -20.8370       0.2982  1153.7
0.0560         -20.5387     -20.8534       0.3147  1217.3
0.0570         -20.5387     -20.8689       0.3302  1277.4
0.0580         -20.5387     -20.8834       0.3447  1333.4
0.0590         -20.5387     -20.8968       0.3581  1385.3
0.0600         -20.5386     -20.9090       0.3704  1432.7
0.0600         -20.5386     -20.9090       0.3704  1432.7
0.0610         -20.5386     -20.9200       0.3814  1475.4
0.0620         -20.5386     -20.9298       0.3912  1513.2
0.0630         -20.5386     -20.9382       0.3997  1546.0
0.0640         -20.5385     -20.9453       0.4068  1573.6
0.0650         -20.5385     -20.9511       0.4126  1595.9
0.0660         -20.5385     -20.9554       0.4170  1612.9
0.0670         -20.5384     -20.9584       0.4199  1624.4
0.0680         -20.5384     -20.9599       0.4215  1630.4
0.0690         -20.5384     -20.9600       0.4216  1630.9
0.0700         -20.5383     -20.9587       0.4203  1625.8
0.0700         -20.5383     -20.9587       0.4203  1625.8
0.0710         -20.5383     -20.9559       0.4176  1615.3
0.0720         -20.5383     -20.9517       0.4134  1599.3
0.0730         -20.5382     -20.9461       0.4079  1577.9
0.0740         -20.5382     -20.9392       0.4010  1551.1
0.0750         -20.5382     -20.9309       0.3927  1519.2
0.0760         -20.5381     -20.9213       0.3832  1482.2
0.0770         -20.5381     -20.9105       0.3724  1440.3
0.0780         -20.5381     -20.8984       0.3603  1393.7
0.0790         -20.5380     -20.8851       0.3471  1342.6
0.0800         -20.5380     -20.8708       0.3328  1287.2
0.0800         -20.5380     -20.8708       0.3328  1287.2
0.0810         -20.5380     -20.8554       0.3174  1227.7
0.0820         -20.5379     -20.8390       0.3011  1164.6
0.0830         -20.5379     -20.8218       0.2839  1098.1
0.0840         -20.5379     -20.8038       0.2659  1028.7
0.0850         -20.5378     -20.7852       0.2474   956.8
0.0860         -20.5378     -20.7661       0.2283   883.0
0.0870         -20.5378     -20.7466       0.2088   807.8
0.0880         -20.5378     -20.7270       0.1892   731.9
0.0890         -20.5377     -20.7073       0.1696   655.9
0.0900         -20.5377     -20.6878       0.1501   580.6
0.0900         -20.5377     -20.6878       0.1501   580.6
0.0910         -20.5377     -20.6687       0.1310   506.8
0.0920         -20.5377     -20.6502       0.1125   435.2
0.0930         -20.5376     -20.6324       0.0948   366.6
0.0940         -20.5376     -20.6156       0.0780   301.8
0.0950         -20.5376     -20.6000       0.0625   241.6
0.0960         -20.5376     -20.5858       0.0483   186.7
0.0970         -20.5375     -20.5731       0.0356   137.8
0.0980         -20.5374     -20.5622       0.0247    95.7
0.0990         -20.5373     -20.5530       0.0157    60.7
0.1000         -20.5372     -20.5459       0.0087    33.5
0.1000         -20.5372     -20.5459       0.0087    33.5
Time[ps]      Etot[eV]     Epot[eV]     Ekin[eV]    T[K]
0.0000         -20.5853     -20.9601       0.3748  1450.0
Time[ps]      Etot[eV]     Epot[eV]     Ekin[eV]    T[K]
0.0000         -20.5853     -20.9601       0.3748  1450.0
Time[ps]      Etot[eV]     Epot[eV]     Ekin[eV]    T[K]
0.0000         -20.6562     -20.9601       0.3040  1175.7
Time[ps]      Etot[eV]     Epot[eV]     Ekin[eV]    T[K]
0.0000         -20.6562     -20.9601       0.3040  1175.7
0.0010         -20.6562     -20.9596       0.3034  1173.8
0.0020         -20.6562     -20.9581       0.3019  1167.8
0.0030         -20.6562     -20.9555       0.2993  1157.9
0.0040         -20.6562     -20.9519       0.2958  1144.1
0.0050         -20.6562     -20.9474       0.2912  1126.4
0.0060         -20.6562     -20.9418       0.2857  1105.1
0.0070         -20.6562     -20.9354       0.2792  1080.0
0.0080         -20.6562     -20.9280       0.2718  1051.5
0.0090         -20.6562     -20.9198       0.2636  1019.7
0.0100         -20.6561     -20.9107       0.2545   984.6
0.0100         -20.6561     -20.9107       0.2545   984.6
0.0110         -20.6561     -20.9008       0.2447   946.5
0.0120         -20.6561     -20.8902       0.2341   905.6
0.0130         -20.6561     -20.8790       0.2229   862.1
0.0140         -20.6561     -20.8672       0.2110   816.3
0.0150         -20.6561     -20.8548       0.1987   768.5
0.0160         -20.6561     -20.8420       0.1859   718.9
0.0170         -20.6561     -20.8288       0.1727   668.0
0.0180         -20.6561     -20.8153       0.1592   616.0
0.0190         -20.6561     -20.8017       0.1456   563.4
0.0200         -20.6561     -20.7880       0.1320   510.5
0.0200         -20.6561     -20.7880       0.1320   510.5
0.0210         -20.6561     -20.7744       0.1184   457.9
0.0220         -20.6560     -20.7610       0.1050   406.0
0.0230         -20.6560     -20.7479       0.0918   355.2
0.0240         -20.6560     -20.7352       0.0791   306.1
0.0250         -20.6560     -20.7230       0.0670   259.1
0.0260         -20.6560     -20.7115       0.0555   214.7
0.0270         -20.6560     -20.7008       0.0448   173.4
0.0280         -20.6560     -20.6911       0.0351   135.7
0.0290         -20.6560     -20.6823       0.0263   101.9
0.0300         -20.6560     -20.6747       0.0187    72.4
0.0300         -20.6560     -20.6747       0.0187    72.4
0.0310         -20.6560     -20.6683       0.0123    47.6
0.0320         -20.6560     -20.6631       0.0072    27.8
0.0330         -20.6560     -20.6594       0.0034    13.1
0.0340         -20.6560     -20.6570       0.0010     3.9
0.0350         -20.6560     -20.6560       0.0000     0.1
0.0360         -20.6560     -20.6564       0.0005     1.9
0.0370         -20.6560     -20.6583       0.0024     9.1
0.0380         -20.6560     -20.6616       0.0056    21.8
0.0390         -20.6560     -20.6663       0.0103    39.8
0.0400         -20.6560     -20.6722       0.0162    62.8
0.0400         -20.6560     -20.6722       0.0162    62.8
0.0410         -20.6560     -20.6794       0.0234    90.7
0.0420         -20.6560     -20.6878       0.0318   122.9
0.0430         -20.6560     -20.6972       0.0412   159.3
0.0440         -20.6560     -20.7075       0.0516   199.4
0.0450         -20.6560     -20.7188       0.0628   242.8
0.0460         -20.6560     -20.7307       0.0747   288.9
0.0470         -20.6560     -20.7432       0.0872   337.3
0.0480         -20.6560     -20.7562       0.1002   387.6
0.0490         -20.6560     -20.7695       0.1135   439.2
0.0500         -20.6560     -20.7831       0.1271   491.7
0.0500         -20.6560     -20.7831       0.1271   491.7
0.0510         -20.6560     -20.7968       0.1408   544.6
0.0520         -20.6560     -20.8104       0.1544   597.4
0.0530         -20.6560     -20.8240       0.1680   649.8
0.0540         -20.6560     -20.8372       0.1813   701.2
0.0550         -20.6560     -20.8502       0.1943   751.4
0.0560         -20.6559     -20.8628       0.2068   800.0
0.0570         -20.6559     -20.8748       0.2189   846.7
0.0580         -20.6559     -20.8863       0.2304   891.1
0.0590         -20.6559     -20.8971       0.2412   933.1
0.0600         -20.6559     -20.9072       0.2514   972.3
0.0600         -20.6559     -20.9072       0.2514   972.3
0.0610         -20.6559     -20.9166       0.2607  1008.6
0.0620         -20.6558     -20.9252       0.2693  1041.7
0.0630         -20.6558     -20.9328       0.2770  1071.6
0.0640         -20.6558     -20.9396       0.2839  1098.0
0.0650         -20.6558     -20.9455       0.2897  1120.8
0.0660         -20.6557     -20.9504       0.2947  1139.9
0.0670         -20.6557     -20.9544       0.2986  1155.2
0.0680         -20.6557     -20.9573       0.3016  1166.6
0.0690         -20.6557     -20.9592       0.3035  1174.1
0.0700         -20.6556     -20.9601       0.3044  1177.6
0.0700         -20.6556     -20.9601       0.3044  1177.6
0.0710         -20.6556     -20.9599       0.3043  1177.1
0.0720         -20.6556     -20.9587       0.3032  1172.7
0.0730         -20.6555     -20.9565       0.3010  1164.2
0.0740         -20.6555     -20.9533       0.2978  1151.9
0.0750         -20.6555     -20.9491       0.2936  1135.6
0.0760         -20.6554     -20.9439       0.2884  1115.6
0.0770         -20.6554     -20.9377       0.2823  1091.9
0.0780         -20.6554     -20.9306       0.2752  1064.7
0.0790         -20.6554     -20.9227       0.2673  1034.0
0.0800         -20.6553     -20.9138       0.2585  1000.0
0.0800         -20.6553     -20.9138       0.2585  1000.0
0.0810         -20.6553     -20.9042       0.2489   963.0
0.0820         -20.6553     -20.8939       0.2386   923.0
0.0830         -20.6552     -20.8828       0.2276   880.4
0.0840         -20.6552     -20.8711       0.2159   835.3
0.0850         -20.6552     -20.8589       0.2037   788.1
0.0860         -20.6551     -20.8462       0.1910   739.0
0.0870         -20.6551     -20.8331       0.1780   688.4
0.0880         -20.6551     -20.8197       0.1646   636.6
0.0890         -20.6551     -20.8061       0.1510   584.0
0.0900         -20.6550     -20.7923       0.1373   531.1
0.0900         -20.6550     -20.7923       0.1373   531.1
0.0910         -20.6550     -20.7786       0.1236   478.2
0.0920         -20.6550     -20.7651       0.1101   425.8
0.0930         -20.6550     -20.7518       0.0968   374.4
0.0940         -20.6550     -20.7389       0.0839   324.5
0.0950         -20.6549     -20.7264       0.0715   276.5
0.0960         -20.6549     -20.7147       0.0597   231.0
0.0970         -20.6549     -20.7036       0.0487   188.4
0.0980         -20.6549     -20.6935       0.0386   149.2
0.0990         -20.6549     -20.6843       0.0294   113.8
0.1000         -20.6549     -20.6762       0.0214    82.7
0.1000         -20.6549     -20.6762       0.0214    82.7
Time[ps]      Etot[eV]     Epot[eV]     Ekin[eV]    T[K]
0.0000         -20.3879     -20.9601       0.5722  2213.5
Time[ps]      Etot[eV]     Epot[eV]     Ekin[eV]    T[K]
0.0000         -20.3879     -20.9601       0.5722  2213.5
Time[ps]      Etot[eV]     Epot[eV]     Ekin[eV]    T[K]
0.0000         -22.7383     -23.2015       0.4631  1791.5
Time[ps]      Etot[eV]     Epot[eV]     Ekin[eV]    T[K]
0.0000         -22.7383     -23.2015       0.4631  1791.5
0.0010         -22.7383     -23.2007       0.4624  1788.8
0.0020         -22.7382     -23.1986       0.4604  1780.9
0.0030         -22.7380     -23.1950       0.4570  1767.8
0.0040         -22.7377     -23.1900       0.4523  1749.7
0.0050         -22.7373     -23.1836       0.4464  1726.6
0.0060         -22.7368     -23.1760       0.4391  1698.7
0.0070         -22.7362     -23.1670       0.4308  1666.3
0.0080         -22.7355     -23.1569       0.4213  1629.7
0.0090         -22.7347     -23.1456       0.4109  1589.3
0.0100         -22.7338     -23.1333       0.3995  1545.3
0.0100         -22.7338     -23.1333       0.3995  1545.3
0.0110         -22.7328     -23.1201       0.3873  1498.2
0.0120         -22.7316     -23.1060       0.3745  1448.5
0.0130         -22.7303     -23.0914       0.3611  1396.7
0.0140         -22.7290     -23.0762       0.3472  1343.2
0.0150         -22.7276     -23.0608       0.3331  1288.6
0.0160         -22.7263     -23.0452       0.3189  1233.5
0.0170         -22.7251     -23.0296       0.3046  1178.1
0.0180         -22.7240     -23.0143       0.2903  1122.8
0.0190         -22.7230     -22.9991       0.2761  1068.0
0.0200         -22.7221     -22.9842       0.2620  1013.6
0.0200         -22.7221     -22.9842       0.2620  1013.6
0.0210         -22.7214     -22.9695       0.2481   959.8
0.0220         -22.7207     -22.9550       0.2344   906.5
0.0230         -22.7200     -22.9408       0.2208   853.9
0.0240         -22.7194     -22.9267       0.2073   801.9
0.0250         -22.7188     -22.9129       0.1940   750.5
0.0260         -22.7183     -22.8992       0.1809   699.9
0.0270         -22.7179     -22.8859       0.1680   650.0
0.0280         -22.7175     -22.8728       0.1554   601.1
0.0290         -22.7171     -22.8601       0.1430   553.1
0.0300         -22.7168     -22.8477       0.1309   506.2
0.0300         -22.7168     -22.8477       0.1309   506.2
0.0310         -22.7166     -22.8356       0.1190   460.4
0.0320         -22.7164     -22.8239       0.1076   416.0
0.0330         -22.7162     -22.8127       0.0964   373.0
0.0340         -22.7161     -22.8018       0.0857   331.6
0.0350         -22.7160     -22.7915       0.0755   291.9
0.0360         -22.7160     -22.7816       0.0657   254.0
0.0370         -22.7159     -22.7724       0.0564   218.2
0.0380         -22.7159     -22.7636       0.0477   184.6
0.0390         -22.7159     -22.7556       0.0396   153.2
0.0400         -22.7160     -22.7481       0.0322   124.4
0.0400         -22.7160     -22.7481       0.0322   124.4
0.0410         -22.7160     -22.7414       0.0254    98.3
0.0420         -22.7161     -22.7354       0.0194    74.9
0.0430         -22.7161     -22.7302       0.0141    54.5
0.0440         -22.7162     -22.7258       0.0096    37.1
0.0450         -22.7162     -22.7222       0.0059    23.0
0.0460         -22.7163     -22.7194       0.0031    12.2
0.0470         -22.7163     -22.7175       0.0012     4.7
0.0480         -22.7163     -22.7165       0.0002     0.7
0.0490         -22.7163     -22.7164       0.0001     0.2
0.0500         -22.7163     -22.7172       0.0009     3.3
0.0500         -22.7163     -22.7172       0.0009     3.3
0.0510         -22.7163     -22.7188       0.0026     9.9
0.0520         -22.7162     -22.7214       0.0052    20.1
0.0530         -22.7160     -22.7248       0.0088    33.9
0.0540         -22.7158     -22.7291       0.0132    51.1
0.0550         -22.7156     -22.7342       0.0186    71.8
0.0560         -22.7153     -22.7401       0.0248    95.8
0.0570         -22.7149     -22.7467       0.0318   123.1
0.0580         -22.7144     -22.7542       0.0397   153.7
0.0590         -22.7139     -22.7623       0.0484   187.2
0.0600         -22.7133     -22.7711       0.0579   223.8
0.0600         -22.7133     -22.7711       0.0579   223.8
0.0610         -22.7125     -22.7806       0.0680   263.2
0.0620         -22.7117     -22.7906       0.0789   305.3
0.0630         -22.7108     -22.8012       0.0905   350.1
0.0640         -22.7097     -22.8124       0.1027   397.3
0.0650         -22.7085     -22.8241       0.1155   446.9
0.0660         -22.7072     -22.8362       0.1290   498.8
0.0670         -22.7058     -22.8487       0.1429   552.9
0.0680         -22.7043     -22.8617       0.1574   609.0
0.0690         -22.7026     -22.8751       0.1725   667.2
0.0700         -22.7008     -22.8888       0.1880   727.3
0.0700         -22.7008     -22.8888       0.1880   727.3
0.0710         -22.6989     -22.9029       0.2040   789.3
0.0720         -22.6968     -22.9173       0.2205   853.1
0.0730         -22.6946     -22.9320       0.2375   918.6
0.0740         -22.6921     -22.9470       0.2549   985.9
0.0750         -22.6896     -22.9623       0.2727  1054.9
0.0760         -22.6868     -22.9778       0.2910  1125.7
0.0770         -22.6839     -22.9936       0.3098  1198.2
0.0780         -22.6808     -23.0098       0.3290  1272.5
0.0790         -22.6777     -23.0262       0.3486  1348.3
0.0800         -22.6744     -23.0429       0.3686  1425.6
0.0800         -22.6744     -23.0429       0.3686  1425.6
0.0810         -22.6710     -23.0598       0.3888  1504.0
0.0820         -22.6673     -23.0765       0.4092  1582.9
0.0830         -22.6634     -23.0930       0.4296  1661.7
0.0840         -22.6591     -23.1089       0.4498  1739.7
0.0850         -22.6544     -23.1240       0.4696  1816.3
0.0860         -22.6494     -23.1382       0.4888  1890.8
0.0870         -22.6439     -23.1513       0.5073  1962.5
0.0880         -22.6381     -23.1631       0.5250  2030.8
0.0890         -22.6319     -23.1735       0.5416  2095.0
0.0900         -22.6253     -23.1824       0.5571  2154.8
0.0900         -22.6253     -23.1824       0.5571  2154.8
0.0910         -22.6185     -23.1897       0.5712  2209.5
0.0920         -22.6114     -23.1953       0.5839  2258.8
0.0930         -22.6040     -23.1991       0.5952  2302.2
0.0940         -22.5963     -23.2011       0.6048  2339.5
0.0950         -22.5885     -23.2013       0.6128  2370.3
0.0960         -22.5805     -23.1995       0.6190  2394.4
0.0970         -22.5723     -23.1958       0.6235  2411.7
0.0980         -22.5640     -23.1901       0.6261  2421.9
0.0990         -22.5555     -23.1825       0.6269  2425.1
0.1000         -22.5470     -23.1729       0.6260  2421.3
0.1000         -22.5470     -23.1729       0.6260  2421.3
0.1010         -22.5383     -23.1615       0.6232  2410.6
0.1020         -22.5295     -23.1482       0.6187  2393.2
0.1030         -22.5207     -23.1332       0.6125  2369.4
0.1040         -22.5117     -23.1166       0.6049  2339.8
0.1050         -22.5027     -23.0986       0.5958  2304.8
0.1060         -22.4937     -23.0793       0.5856  2265.2
0.1070         -22.4848     -23.0592       0.5744  2221.7
0.1080         -22.4761     -23.0385       0.5623  2175.2
0.1090         -22.4678     -23.0175       0.5497  2126.5
0.1100         -22.4599     -22.9965       0.5367  2075.9
0.1100         -22.4599     -22.9965       0.5367  2075.9
0.1110         -22.4523     -22.9755       0.5232  2023.7
0.1120         -22.4451     -22.9544       0.5093  1969.9
0.1130         -22.4382     -22.9331       0.4949  1914.3
0.1140         -22.4316     -22.9116       0.4800  1856.7
0.1150         -22.4253     -22.8898       0.4646  1797.0
0.1160         -22.4193     -22.8679       0.4486  1735.2
0.1170         -22.4137     -22.8457       0.4320  1671.2
0.1180         -22.4084     -22.8233       0.4149  1604.8
0.1190         -22.4034     -22.8006       0.3971  1536.1
0.1200         -22.3988     -22.7776       0.3787  1465.0
0.1200         -22.3988     -22.7776       0.3787  1465.0
0.1210         -22.3945     -22.7543       0.3597  1391.5
0.1220         -22.3906     -22.7307       0.3401  1315.7
0.1230         -22.3869     -22.7069       0.3200  1237.7
0.1240         -22.3835     -22.6828       0.2993  1157.7
0.1250         -22.3804     -22.6586       0.2782  1076.0
0.1260         -22.3776     -22.6343       0.2567   992.9
0.1270         -22.3750     -22.6100       0.2350   909.0
0.1280         -22.3726     -22.5858       0.2132   824.6
